Component: ARM Compiler 5.06 update 5 (build 528) Tool: armlink [4d35e2]

==============================================================================

Section Cross References

    main.o(.text) refers to sys_arch.o(.text) for sys_thread_new
    main.o(.text) refers to stm32f4_discovery.o(.text) for STM_EVAL_LEDToggle
    main.o(.text) refers to rt_cmsis.o(.text) for osDelay
    main.o(.text) refers to netconf.o(.text) for LwIP_DHCP_task
    system_stm32f4xx.o(.text) refers to system_stm32f4xx.o(.data) for .data
    stm32f4xx_it.o(.text) refers to stm32f4x7_eth.o(.text) for ETH_GetDMAFlagStatus
    stm32f4xx_it.o(.text) refers to sys_arch.o(.text) for sys_sem_signal
    stm32f4xx_it.o(.text) refers to ethernetif.o(.bss) for s_xRxSemaphore
    netconf.o(.text) refers to tcpip.o(.text) for tcpip_init
    netconf.o(.text) refers to netif.o(.text) for netif_add
    netconf.o(.text) refers to dhcp.o(.text) for dhcp_start
    netconf.o(.text) refers to stm32f4_discovery_lcd.o(.text) for LCD_GetFont
    netconf.o(.text) refers to printf8.o(i.__0sprintf$8) for __2sprintf
    netconf.o(.text) refers to rt_cmsis.o(.text) for osThreadGetId
    netconf.o(.text) refers to ethernetif.o(.text) for ethernetif_init
    netconf.o(.text) refers to netconf.o(.bss) for .bss
    telnet.o(.text) refers to def.o(.text) for lwip_ntohs
    telnet.o(.text) refers to memcpya.o(.text) for __aeabi_memcpy
    telnet.o(.text) refers to sockets.o(.text) for lwip_select
    telnet.o(.text) refers to printf8.o(i.__0printf$8) for __2printf
    telnet.o(.text) refers to sys_arch.o(.text) for sys_thread_new
    telnet.o(.text) refers to telnet.o(.data) for .data
    telnet.o(.text) refers to toupper.o(.text) for toupper
    telnet.o(.text) refers to tolower.o(.text) for tolower
    telnet.o(.text) refers to memseta.o(.text) for __aeabi_memclr4
    telnet.o(.text) refers to shell.o(.text) for shell_process
    telnet.o(.data) refers to telnet.o(.bss) for tstate
    shell.o(.text) refers to telnet.o(.text) for telnet_printf
    shell.o(.text) refers to ethernetif.o(.text) for ETH_PTPTime_GetTime
    shell.o(.text) refers to localtime.o(.text) for localtime
    shell.o(.text) refers to strftime.o(.text) for strftime
    shell.o(.text) refers to bsearch.o(.text) for bsearch
    shell.o(.text) refers to ctype_o.o(.text) for __rt_ctype_table
    shell.o(.text) refers to shell.o(.constdata) for .constdata
    shell.o(.text) refers to ptpd.o(.bss) for ptpClock
    shell.o(.text) refers to strcasecmp.o(.text) for strcasecmp
    shell.o(.constdata) refers to shell.o(.text) for shell_date
    stm32f4x7_eth_bsp.o(.text) refers to stm32f4xx_rcc.o(.text) for RCC_AHB1PeriphClockCmd
    stm32f4x7_eth_bsp.o(.text) refers to stm32f4xx_syscfg.o(.text) for SYSCFG_ETH_MediaInterfaceConfig
    stm32f4x7_eth_bsp.o(.text) refers to stm32f4xx_gpio.o(.text) for GPIO_Init
    stm32f4x7_eth_bsp.o(.text) refers to misc.o(.text) for NVIC_PriorityGroupConfig
    stm32f4x7_eth_bsp.o(.text) refers to stm32f4_discovery_lcd.o(.text) for LCD_SetTextColor
    stm32f4x7_eth_bsp.o(.text) refers to stm32f4x7_eth.o(.text) for ETH_DeInit
    stm32f4x7_eth_bsp.o(.text) refers to stm32f4x7_eth_bsp.o(.data) for .data
    arith.o(.text) refers to ldiv.o(.text) for __aeabi_ldivmod
    bmc.o(.text) refers to memcmp.o(.text) for memcmp
    bmc.o(.text) refers to memcpya.o(.text) for __aeabi_memcpy4
    protocol.o(.text) refers to servo.o(.text) for initClock
    protocol.o(.text) refers to timer.o(.text) for timerStop
    protocol.o(.text) refers to sys_time.o(.text) for getRand
    protocol.o(.text) refers to arith.o(.text) for fromInternalTime
    protocol.o(.text) refers to msg.o(.text) for msgPackDelayReq
    protocol.o(.text) refers to net.o(.text) for netSendEvent
    protocol.o(.text) refers to bmc.o(.text) for isSamePortIdentity
    ptpd.o(.text) refers to startup.o(.text) for ptpdStartup
    ptpd.o(.text) refers to printf8.o(i.__0printf$8) for __2printf
    ptpd.o(.text) refers to rt_cmsis.o(.text) for osDelay
    ptpd.o(.text) refers to protocol.o(.text) for doState
    ptpd.o(.text) refers to net.o(.text) for netSelect
    ptpd.o(.text) refers to sys_arch.o(.text) for sys_arch_mbox_fetch
    ptpd.o(.text) refers to ptpd.o(.bss) for .bss
    ptpd.o(.text) refers to netif.o(.data) for netif_default
    msg.o(.text) refers to def.o(.text) for lwip_htons
    net.o(.text) refers to sys_arch.o(.text) for sys_mutex_lock
    net.o(.text) refers to igmp.o(.text) for igmp_leavegroup
    net.o(.text) refers to udp.o(.text) for udp_disconnect
    net.o(.text) refers to ptpd.o(.text) for ptpd_alert
    net.o(.text) refers to pbuf.o(.text) for pbuf_free
    net.o(.text) refers to memcpya.o(.text) for __aeabi_memcpy
    net.o(.text) refers to ip_addr.o(.text) for ipaddr_aton
    net.o(.text) refers to ip_addr.o(.constdata) for ip_addr_any
    net.o(.text) refers to netif.o(.data) for netif_default
    servo.o(.text) refers to sys_time.o(.text) for adjFreq
[...]
    sys_thread_new                           0x0800836f   Thumb Code    84  sys_arch.o(.text)
    assert_printf                            0x080083c3   Thumb Code    20  sys_arch.o(.text)
    os_idle_demon                            0x08008555   Thumb Code     2  rtx_conf_cm.o(.text)
    os_error                                 0x08008557   Thumb Code     2  rtx_conf_cm.o(.text)
    svcThreadGetId                           0x0800858b   Thumb Code    22  rt_cmsis.o(.text)
    svcThreadTerminate                       0x080085a1   Thumb Code    50  rt_cmsis.o(.text)
    osThreadExit                             0x080085d3   Thumb Code    14  rt_cmsis.o(.text)
    svcThreadCreate                          0x080085e1   Thumb Code   102  rt_cmsis.o(.text)
    svcMessageCreate                         0x08008647   Thumb Code    36  rt_cmsis.o(.text)
    svcKernelInitialize                      0x0800866b   Thumb Code    80  rt_cmsis.o(.text)
    svcKernelStart                           0x080086bb   Thumb Code    62  rt_cmsis.o(.text)
    svcKernelRunning                         0x080086f9   Thumb Code     6  rt_cmsis.o(.text)
    svcKernelSysTick                         0x080086ff   Thumb Code    48  rt_cmsis.o(.text)
    osKernelInitialize                       0x0800872f   Thumb Code    28  rt_cmsis.o(.text)
    osKernelStart                            0x0800874b   Thumb Code    96  rt_cmsis.o(.text)
    osKernelRunning                          0x080087ab   Thumb Code    28  rt_cmsis.o(.text)
    osKernelSysTick                          0x080087c7   Thumb Code    18  rt_cmsis.o(.text)
    svcThreadYield                           0x080087d9   Thumb Code    10  rt_cmsis.o(.text)
    svcThreadSetPriority                     0x080087e3   Thumb Code    46  rt_cmsis.o(.text)
    svcThreadGetPriority                     0x08008811   Thumb Code    18  rt_cmsis.o(.text)
    osThreadCreate                           0x08008823   Thumb Code    34  rt_cmsis.o(.text)
    osThreadGetId                            0x08008845   Thumb Code    18  rt_cmsis.o(.text)
    osThreadTerminate                        0x08008857   Thumb Code    18  rt_cmsis.o(.text)
    osThreadYield                            0x08008869   Thumb Code    18  rt_cmsis.o(.text)
    osThreadSetPriority                      0x0800887b   Thumb Code    18  rt_cmsis.o(.text)
    osThreadGetPriority                      0x0800888d   Thumb Code    18  rt_cmsis.o(.text)
    svcDelay                                 0x0800889f   Thumb Code    20  rt_cmsis.o(.text)
    osDelay                                  0x080088b3   Thumb Code    18  rt_cmsis.o(.text)
    osWait                                   0x080088c5   Thumb Code     4  rt_cmsis.o(.text)
    svcTimerCall                             0x08008933   Thumb Code    80  rt_cmsis.o(.text)
    svcTimerCreate                           0x08008983   Thumb Code    52  rt_cmsis.o(.text)
    svcTimerStart                            0x080089b7   Thumb Code    72  rt_cmsis.o(.text)
    svcTimerStop                             0x080089ff   Thumb Code    36  rt_cmsis.o(.text)
    svcTimerDelete                           0x08008a23   Thumb Code    40  rt_cmsis.o(.text)
    sysTimerTick                             0x08008a77   Thumb Code    76  rt_cmsis.o(.text)
    sysUserTimerWakeupTime                   0x08008ac3   Thumb Code    16  rt_cmsis.o(.text)
    sysUserTimerUpdate                       0x08008ad3   Thumb Code    44  rt_cmsis.o(.text)
    osTimerCreate                            0x08008aff   Thumb Code    34  rt_cmsis.o(.text)
    osTimerStart                             0x08008b21   Thumb Code    18  rt_cmsis.o(.text)
    osTimerStop                              0x08008b33   Thumb Code    18  rt_cmsis.o(.text)
    osTimerDelete                            0x08008b45   Thumb Code    18  rt_cmsis.o(.text)
    osTimerCall                              0x08008b57   Thumb Code     8  rt_cmsis.o(.text)
    svcMessageGet                            0x08008b5f   Thumb Code    58  rt_cmsis.o(.text)
    osMessageGet                             0x08008b99   Thumb Code    62  rt_cmsis.o(.text)
    osTimerThread                            0x08008bd7   Thumb Code    38  rt_cmsis.o(.text)
    svcSignalWait                            0x08008bfd   Thumb Code    80  rt_cmsis.o(.text)
    svcSignalSet                             0x08008c4d   Thumb Code    36  rt_cmsis.o(.text)
    svcSignalClear                           0x08008c71   Thumb Code    36  rt_cmsis.o(.text)
    osSignalSet                              0x08008c95   Thumb Code    48  rt_cmsis.o(.text)
    osSignalClear                            0x08008cc5   Thumb Code    18  rt_cmsis.o(.text)
    osSignalWait                             0x08008cd7   Thumb Code    18  rt_cmsis.o(.text)
    svcMutexCreate                           0x08008ce9   Thumb Code    28  rt_cmsis.o(.text)
    svcMutexWait                             0x08008d05   Thumb Code    54  rt_cmsis.o(.text)
    svcMutexRelease                          0x08008d3b   Thumb Code    34  rt_cmsis.o(.text)
    svcMutexDelete                           0x08008d5d   Thumb Code    44  rt_cmsis.o(.text)
    osMutexCreate                            0x08008d89   Thumb Code    34  rt_cmsis.o(.text)
    osMutexWait                              0x08008dab   Thumb Code    18  rt_cmsis.o(.text)
    osMutexRelease                           0x08008dbd   Thumb Code    18  rt_cmsis.o(.text)
    osMutexDelete                            0x08008dcf   Thumb Code    18  rt_cmsis.o(.text)
    svcSemaphoreCreate                       0x08008de1   Thumb Code    36  rt_cmsis.o(.text)
    svcSemaphoreWait                         0x08008e05   Thumb Code    50  rt_cmsis.o(.text)
    svcSemaphoreRelease                      0x08008e37   Thumb Code    40  rt_cmsis.o(.text)
    svcSemaphoreDelete                       0x08008e5f   Thumb Code    26  rt_cmsis.o(.text)
    osSemaphoreCreate                        0x08008e79   Thumb Code    34  rt_cmsis.o(.text)
    osSemaphoreWait                          0x08008e9b   Thumb Code    20  rt_cmsis.o(.text)
    osSemaphoreRelease                       0x08008eaf   Thumb Code    54  rt_cmsis.o(.text)
    osSemaphoreDelete                        0x08008ee5   Thumb Code    18  rt_cmsis.o(.text)
    svcPoolCreate                            0x08008ef7   Thumb Code    40  rt_cmsis.o(.text)
    sysPoolAlloc                             0x08008f1f   Thumb Code    32  rt_cmsis.o(.text)
    sysPoolFree                              0x08008f3f   Thumb Code    20  rt_cmsis.o(.text)
    osPoolCreate                             0x08008f53   Thumb Code    34  rt_cmsis.o(.text)
    osPoolAlloc                              0x08008f75   Thumb Code    28  rt_cmsis.o(.text)
    osPoolCAlloc                             0x08008f91   Thumb Code    28  rt_cmsis.o(.text)
    osPoolFree                               0x08008fad   Thumb Code    24  rt_cmsis.o(.text)
    svcMessagePut                            0x08008fc5   Thumb Code    54  rt_cmsis.o(.text)
    osMessageCreate                          0x08008ffb   Thumb Code    36  rt_cmsis.o(.text)
    osMessagePut                             0x0800901f   Thumb Code    16  rt_cmsis.o(.text)
    svcMailCreate                            0x0800902f   Thumb Code    66  rt_cmsis.o(.text)
    sysMailAlloc                             0x08009071   Thumb Code   106  rt_cmsis.o(.text)
    sysMailFree                              0x080090db   Thumb Code    96  rt_cmsis.o(.text)
    osMailCreate                             0x0800913b   Thumb Code    34  rt_cmsis.o(.text)
    osMailAlloc                              0x0800915d   Thumb Code    32  rt_cmsis.o(.text)
    osMailCAlloc                             0x0800917d   Thumb Code    24  rt_cmsis.o(.text)
    osMailFree                               0x08009195   Thumb Code    20  rt_cmsis.o(.text)
    osMailPut                                0x080091a9   Thumb Code    18  rt_cmsis.o(.text)
    osMailGet                                0x080091bb   Thumb Code    22  rt_cmsis.o(.text)
    os_suspend                               0x080091d1   Thumb Code     8  rt_cmsis.o(.text)
    os_resume                                0x080091d9   Thumb Code     8  rt_cmsis.o(.text)
    rt_evt_wait                              0x08009219   Thumb Code    56  rt_event.o(.text)
    rt_evt_set                               0x08009251   Thumb Code    88  rt_event.o(.text)
    rt_evt_clr                               0x080092a9   Thumb Code    22  rt_event.o(.text)
    isr_evt_set                              0x080092bf   Thumb Code    34  rt_event.o(.text)
    rt_evt_get                               0x080092e1   Thumb Code     8  rt_event.o(.text)
    rt_evt_psh                               0x080092e9   Thumb Code    76  rt_event.o(.text)
    rt_put_prio                              0x08009341   Thumb Code    54  rt_list.o(.text)
    rt_get_first                             0x08009377   Thumb Code    40  rt_list.o(.text)
    rt_put_rdy_first                         0x0800939f   Thumb Code    14  rt_list.o(.text)
    rt_get_same_rdy_prio                     0x080093ad   Thumb Code    26  rt_list.o(.text)
    rt_rmv_list                              0x080093c7   Thumb Code    44  rt_list.o(.text)
    rt_resort_prio                           0x080093f3   Thumb Code    44  rt_list.o(.text)
    rt_put_dly                               0x0800941f   Thumb Code    70  rt_list.o(.text)
    rt_dec_dly                               0x08009465   Thumb Code   102  rt_list.o(.text)
    rt_rmv_dly                               0x080094cb   Thumb Code    40  rt_list.o(.text)
    rt_psq_enq                               0x080094f3   Thumb Code    86  rt_list.o(.text)
    rt_mbx_init                              0x08009559   Thumb Code    26  rt_mailbox.o(.text)
    rt_mbx_send                              0x08009573   Thumb Code   150  rt_mailbox.o(.text)
    rt_mbx_wait                              0x08009609   Thumb Code   174  rt_mailbox.o(.text)
    rt_mbx_check                             0x080096b7   Thumb Code     8  rt_mailbox.o(.text)
    isr_mbx_send                             0x080096bf   Thumb Code    14  rt_mailbox.o(.text)
    isr_mbx_receive                          0x080096cd   Thumb Code    82  rt_mailbox.o(.text)
    rt_mbx_psh                               0x0800971f   Thumb Code   238  rt_mailbox.o(.text)
    _init_box                                0x08009815   Thumb Code    70  rt_membox.o(.text)
    rt_alloc_box                             0x0800985b   Thumb Code    28  rt_membox.o(.text)
    _calloc_box                              0x08009877   Thumb Code    30  rt_membox.o(.text)
    rt_free_box                              0x08009895   Thumb Code    32  rt_membox.o(.text)
    rt_init_mem                              0x080098b5   Thumb Code    26  rt_memory.o(.text)
    rt_alloc_mem                             0x080098cf   Thumb Code    62  rt_memory.o(.text)
    rt_free_mem                              0x0800990d   Thumb Code    40  rt_memory.o(.text)
    rt_mut_init                              0x08009935   Thumb Code    16  rt_mutex.o(.text)
    rt_mut_delete                            0x08009945   Thumb Code   168  rt_mutex.o(.text)
    rt_mut_release                           0x080099ed   Thumb Code   206  rt_mutex.o(.text)
    rt_mut_wait                              0x08009abb   Thumb Code   100  rt_mutex.o(.text)
    rt_init_robin                            0x08009b29   Thumb Code    14  rt_robin.o(.text)
    rt_chk_robin                             0x08009b37   Thumb Code    60  rt_robin.o(.text)
    rt_sem_init                              0x08009b85   Thumb Code    12  rt_semaphore.o(.text)
    rt_sem_delete                            0x08009b91   Thumb Code    84  rt_semaphore.o(.text)
    rt_sem_send                              0x08009be5   Thumb Code    42  rt_semaphore.o(.text)
    rt_sem_wait                              0x08009c0f   Thumb Code    58  rt_semaphore.o(.text)
    isr_sem_send                             0x08009c49   Thumb Code    16  rt_semaphore.o(.text)
    rt_sem_psh                               0x08009c59   Thumb Code    48  rt_semaphore.o(.text)
    rt_tsk_lock                              0x08009c91   Thumb Code    72  rt_system.o(.text)
    rt_suspend                               0x08009cd9   Thumb Code    32  rt_system.o(.text)
    rt_tsk_unlock                            0x08009cf9   Thumb Code    72  rt_system.o(.text)
    rt_resume                                0x08009d41   Thumb Code   114  rt_system.o(.text)
    rt_psh_req                               0x08009db3   Thumb Code    22  rt_system.o(.text)
    rt_pop_req                               0x08009dc9   Thumb Code   112  rt_system.o(.text)
    os_tick_init                             0x08009e39   Thumb Code    34  rt_system.o(.text)
    os_tick_val                              0x08009e5b   Thumb Code    14  rt_system.o(.text)
    os_tick_ovf                              0x08009e69   Thumb Code    10  rt_system.o(.text)
    os_tick_irqack                           0x08009e73   Thumb Code     2  rt_system.o(.text)
    rt_systick                               0x08009e75   Thumb Code    50  rt_system.o(.text)
    rt_stk_check                             0x08009ea7   Thumb Code    28  rt_system.o(.text)
    rt_switch_req                            0x08009f2f   Thumb Code    10  rt_task.o(.text)
    rt_dispatch                              0x08009f39   Thumb Code    58  rt_task.o(.text)
    rt_block                                 0x08009f73   Thumb Code    46  rt_task.o(.text)
    rt_tsk_pass                              0x08009fa1   Thumb Code    36  rt_task.o(.text)
    rt_tsk_self                              0x08009fc5   Thumb Code    12  rt_task.o(.text)
    rt_tsk_prio                              0x08009fd1   Thumb Code   108  rt_task.o(.text)
    rt_tsk_create                            0x0800a03d   Thumb Code    98  rt_task.o(.text)
    rt_tsk_delete                            0x0800a09f   Thumb Code   310  rt_task.o(.text)
    rt_sys_init                              0x0800a1d5   Thumb Code   196  rt_task.o(.text)
    rt_sys_start                             0x0800a299   Thumb Code    46  rt_task.o(.text)
    rt_time_get                              0x0800a311   Thumb Code     6  rt_time.o(.text)
    rt_dly_wait                              0x0800a317   Thumb Code     6  rt_time.o(.text)
    rt_itv_set                               0x0800a31d   Thumb Code    16  rt_time.o(.text)
    rt_itv_wait                              0x0800a32d   Thumb Code    32  rt_time.o(.text)
    rt_init_stack                            0x0800a355   Thumb Code    70  hal_cm.o(.text)
    rt_ret_val                               0x0800a39b   Thumb Code    12  hal_cm.o(.text)
    rt_ret_val2                              0x0800a3a7   Thumb Code    16  hal_cm.o(.text)
    LCD_CtrlLinesConfig                      0x0800a3d1   Thumb Code     2  stm32f4_discovery_lcd.o(.text)
    LCD_FSMCConfig                           0x0800a3d3   Thumb Code     2  stm32f4_discovery_lcd.o(.text)
    STM32f4_Discovery_LCD_Init               0x0800a3d5   Thumb Code     2  stm32f4_discovery_lcd.o(.text)
    LCD_SetCursor                            0x0800a3d7   Thumb Code     2  stm32f4_discovery_lcd.o(.text)
    LCD_WriteReg                             0x0800a3d9   Thumb Code     2  stm32f4_discovery_lcd.o(.text)
    LCD_ReadReg                              0x0800a3db   Thumb Code     6  stm32f4_discovery_lcd.o(.text)
    LCD_WriteRAM_Prepare                     0x0800a3e1   Thumb Code     2  stm32f4_discovery_lcd.o(.text)
    LCD_WriteRAM                             0x0800a3e3   Thumb Code     2  stm32f4_discovery_lcd.o(.text)
    LCD_ReadRAM                              0x0800a3e5   Thumb Code     6  stm32f4_discovery_lcd.o(.text)
    LCD_RGB_Test                             0x0800a3eb   Thumb Code     2  stm32f4_discovery_lcd.o(.text)
    LCD_SetColors                            0x0800a3ed   Thumb Code     2  stm32f4_discovery_lcd.o(.text)
    LCD_GetColors                            0x0800a3ef   Thumb Code    12  stm32f4_discovery_lcd.o(.text)
    LCD_SetTextColor                         0x0800a3fb   Thumb Code     2  stm32f4_discovery_lcd.o(.text)
    LCD_SetBackColor                         0x0800a3fd   Thumb Code     2  stm32f4_discovery_lcd.o(.text)
    LCD_DisplayOff                           0x0800a3ff   Thumb Code     2  stm32f4_discovery_lcd.o(.text)
    LCD_DisplayOn                            0x0800a401   Thumb Code     2  stm32f4_discovery_lcd.o(.text)
    LCD_SetFont                              0x0800a403   Thumb Code     6  stm32f4_discovery_lcd.o(.text)
    LCD_GetFont                              0x0800a409   Thumb Code     6  stm32f4_discovery_lcd.o(.text)
    LCD_DisplayChar                          0x0800a40f   Thumb Code     2  stm32f4_discovery_lcd.o(.text)
    LCD_ClearLine                            0x0800a411   Thumb Code    22  stm32f4_discovery_lcd.o(.text)
    LCD_Clear                                0x0800a427   Thumb Code    18  stm32f4_discovery_lcd.o(.text)
    LCD_DrawChar                             0x0800a439   Thumb Code     2  stm32f4_discovery_lcd.o(.text)
    LCD_DisplayStringLine                    0x0800a43b   Thumb Code     2  stm32f4_discovery_lcd.o(.text)
    LCD_SetDisplayWindow                     0x0800a43d   Thumb Code     2  stm32f4_discovery_lcd.o(.text)
    LCD_WindowModeDisable                    0x0800a43f   Thumb Code     2  stm32f4_discovery_lcd.o(.text)
    LCD_DrawLine                             0x0800a441   Thumb Code     2  stm32f4_discovery_lcd.o(.text)
    LCD_DrawRect                             0x0800a443   Thumb Code     2  stm32f4_discovery_lcd.o(.text)
    LCD_DrawCircle                           0x0800a445   Thumb Code     2  stm32f4_discovery_lcd.o(.text)
    LCD_DrawMonoPict                         0x0800a447   Thumb Code    46  stm32f4_discovery_lcd.o(.text)
    LCD_WriteBMP                             0x0800a475   Thumb Code     2  stm32f4_discovery_lcd.o(.text)
    LCD_DrawFullRect                         0x0800a477   Thumb Code     2  stm32f4_discovery_lcd.o(.text)
    LCD_DrawFullCircle                       0x0800a479   Thumb Code     2  stm32f4_discovery_lcd.o(.text)
    LCD_DrawUniLine                          0x0800a47b   Thumb Code     2  stm32f4_discovery_lcd.o(.text)
    LCD_PolyLine                             0x0800a47d   Thumb Code     2  stm32f4_discovery_lcd.o(.text)
    LCD_ClosedPolyLine                       0x0800a47f   Thumb Code     2  stm32f4_discovery_lcd.o(.text)
    LCD_PolyLineRelative                     0x0800a481   Thumb Code     2  stm32f4_discovery_lcd.o(.text)
    LCD_ClosedPolyLineRelative               0x0800a483   Thumb Code     2  stm32f4_discovery_lcd.o(.text)
    LCD_FillPolyLine                         0x0800a485   Thumb Code     2  stm32f4_discovery_lcd.o(.text)
    STM_EVAL_LEDInit                         0x0800a491   Thumb Code    62  stm32f4_discovery.o(.text)
    STM_EVAL_LEDOn                           0x0800a4cf   Thumb Code    18  stm32f4_discovery.o(.text)
    STM_EVAL_LEDOff                          0x0800a4e1   Thumb Code    18  stm32f4_discovery.o(.text)
    STM_EVAL_LEDToggle                       0x0800a4f3   Thumb Code    22  stm32f4_discovery.o(.text)
    STM_EVAL_PBInit                          0x0800a509   Thumb Code   148  stm32f4_discovery.o(.text)
    STM_EVAL_PBGetState                      0x0800a59d   Thumb Code    20  stm32f4_discovery.o(.text)
    STM_EVAL_COMInit                         0x0800a5b1   Thumb Code   192  stm32f4_discovery.o(.text)
    SD_LowLevel_DeInit                       0x0800a671   Thumb Code   142  stm32f4_discovery.o(.text)
    SD_LowLevel_Init                         0x0800a6ff   Thumb Code   178  stm32f4_discovery.o(.text)
    SD_LowLevel_DMA_TxConfig                 0x0800a7b1   Thumb Code   128  stm32f4_discovery.o(.text)
    SD_LowLevel_DMA_RxConfig                 0x0800a831   Thumb Code   156  stm32f4_discovery.o(.text)
    USART_DeInit                             0x0800a8cd   Thumb Code     2  stm32f4xx_usart.o(.text)
    USART_Init                               0x0800a8cf   Thumb Code     2  stm32f4xx_usart.o(.text)
    USART_StructInit                         0x0800a8d1   Thumb Code     2  stm32f4xx_usart.o(.text)
    USART_ClockInit                          0x0800a8d3   Thumb Code     2  stm32f4xx_usart.o(.text)
    USART_ClockStructInit                    0x0800a8d5   Thumb Code     2  stm32f4xx_usart.o(.text)
    USART_Cmd                                0x0800a8d7   Thumb Code     2  stm32f4xx_usart.o(.text)
    USART_SetPrescaler                       0x0800a8d9   Thumb Code     2  stm32f4xx_usart.o(.text)
    USART_OverSampling8Cmd                   0x0800a8db   Thumb Code     2  stm32f4xx_usart.o(.text)
    USART_OneBitMethodCmd                    0x0800a8dd   Thumb Code     2  stm32f4xx_usart.o(.text)
    USART_SendData                           0x0800a8df   Thumb Code     2  stm32f4xx_usart.o(.text)
    USART_ReceiveData                        0x0800a8e1   Thumb Code     8  stm32f4xx_usart.o(.text)
    USART_SetAddress                         0x0800a8e9   Thumb Code     2  stm32f4xx_usart.o(.text)
    USART_ReceiverWakeUpCmd                  0x0800a8eb   Thumb Code     2  stm32f4xx_usart.o(.text)
    USART_WakeUpConfig                       0x0800a8ed   Thumb Code     2  stm32f4xx_usart.o(.text)
    USART_LINBreakDetectLengthConfig         0x0800a8ef   Thumb Code     2  stm32f4xx_usart.o(.text)
    USART_LINCmd                             0x0800a8f1   Thumb Code     2  stm32f4xx_usart.o(.text)
    USART_SendBreak                          0x0800a8f3   Thumb Code     2  stm32f4xx_usart.o(.text)
    USART_HalfDuplexCmd                      0x0800a8f5   Thumb Code     2  stm32f4xx_usart.o(.text)
    USART_SetGuardTime                       0x0800a8f7   Thumb Code     2  stm32f4xx_usart.o(.text)
    USART_SmartCardCmd                       0x0800a8f9   Thumb Code     2  stm32f4xx_usart.o(.text)
    USART_SmartCardNACKCmd                   0x0800a8fb   Thumb Code     2  stm32f4xx_usart.o(.text)
    USART_IrDAConfig                         0x0800a8fd   Thumb Code     2  stm32f4xx_usart.o(.text)
    USART_IrDACmd                            0x0800a8ff   Thumb Code     2  stm32f4xx_usart.o(.text)
    USART_DMACmd                             0x0800a901   Thumb Code     2  stm32f4xx_usart.o(.text)
    USART_ITConfig                           0x0800a903   Thumb Code     2  stm32f4xx_usart.o(.text)
    USART_GetFlagStatus                      0x0800a905   Thumb Code    14  stm32f4xx_usart.o(.text)
    USART_ClearFlag                          0x0800a913   Thumb Code     2  stm32f4xx_usart.o(.text)
    USART_GetITStatus                        0x0800a915   Thumb Code    62  stm32f4xx_usart.o(.text)
    USART_ClearITPendingBit                  0x0800a953   Thumb Code     2  stm32f4xx_usart.o(.text)
    NVIC_PriorityGroupConfig                 0x0800a955   Thumb Code    10  misc.o(.text)
    NVIC_Init                                0x0800a95f   Thumb Code    96  misc.o(.text)
    NVIC_SetVectorTable                      0x0800a9bf   Thumb Code    14  misc.o(.text)
    NVIC_SystemLPConfig                      0x0800a9cd   Thumb Code    20  misc.o(.text)
    SysTick_CLKSourceConfig                  0x0800a9e1   Thumb Code    24  misc.o(.text)
    DMA_DeInit                               0x0800aa05   Thumb Code   272  stm32f4xx_dma.o(.text)
    DMA_Init                                 0x0800ab15   Thumb Code    80  stm32f4xx_dma.o(.text)
    DMA_StructInit                           0x0800ab65   Thumb Code    34  stm32f4xx_dma.o(.text)
    DMA_Cmd                                  0x0800ab87   Thumb Code    20  stm32f4xx_dma.o(.text)
    DMA_PeriphIncOffsetSizeConfig            0x0800ab9b   Thumb Code    20  stm32f4xx_dma.o(.text)
    DMA_FlowControllerConfig                 0x0800abaf   Thumb Code    20  stm32f4xx_dma.o(.text)
    DMA_SetCurrDataCounter                   0x0800abc3   Thumb Code     4  stm32f4xx_dma.o(.text)
    DMA_GetCurrDataCounter                   0x0800abc7   Thumb Code     6  stm32f4xx_dma.o(.text)
    DMA_DoubleBufferModeConfig               0x0800abcd   Thumb Code    22  stm32f4xx_dma.o(.text)
    DMA_DoubleBufferModeCmd                  0x0800abe3   Thumb Code    20  stm32f4xx_dma.o(.text)
    DMA_MemoryTargetConfig                   0x0800abf7   Thumb Code    10  stm32f4xx_dma.o(.text)
    DMA_GetCurrentMemoryTarget               0x0800ac01   Thumb Code    14  stm32f4xx_dma.o(.text)
    DMA_GetCmdStatus                         0x0800ac0f   Thumb Code    14  stm32f4xx_dma.o(.text)
    DMA_GetFIFOStatus                        0x0800ac1d   Thumb Code     8  stm32f4xx_dma.o(.text)
    DMA_GetFlagStatus                        0x0800ac25   Thumb Code    42  stm32f4xx_dma.o(.text)
    DMA_ClearFlag                            0x0800ac4f   Thumb Code    34  stm32f4xx_dma.o(.text)
    DMA_ITConfig                             0x0800ac71   Thumb Code    44  stm32f4xx_dma.o(.text)
    DMA_GetITStatus                          0x0800ac9d   Thumb Code    70  stm32f4xx_dma.o(.text)
    DMA_ClearITPendingBit                    0x0800ace3   Thumb Code    34  stm32f4xx_dma.o(.text)
    EXTI_DeInit                              0x0800ad25   Thumb Code    28  stm32f4xx_exti.o(.text)
    EXTI_Init                                0x0800ad41   Thumb Code   108  stm32f4xx_exti.o(.text)
    EXTI_StructInit                          0x0800adad   Thumb Code    14  stm32f4xx_exti.o(.text)
    EXTI_GenerateSWInterrupt                 0x0800adbb   Thumb Code    12  stm32f4xx_exti.o(.text)
    EXTI_GetFlagStatus                       0x0800adc7   Thumb Code    18  stm32f4xx_exti.o(.text)
    EXTI_ClearFlag                           0x0800add9   Thumb Code     8  stm32f4xx_exti.o(.text)
    EXTI_GetITStatus                         0x0800ade1   Thumb Code    28  stm32f4xx_exti.o(.text)
    EXTI_ClearITPendingBit                   0x0800adfd   Thumb Code     8  stm32f4xx_exti.o(.text)
    GPIO_DeInit                              0x0800ae0d   Thumb Code   192  stm32f4xx_gpio.o(.text)
    GPIO_Init                                0x0800aecd   Thumb Code   162  stm32f4xx_gpio.o(.text)
    GPIO_StructInit                          0x0800af6f   Thumb Code    18  stm32f4xx_gpio.o(.text)
    GPIO_PinLockConfig                       0x0800af81   Thumb Code    24  stm32f4xx_gpio.o(.text)
    GPIO_ReadInputDataBit                    0x0800af99   Thumb Code    14  stm32f4xx_gpio.o(.text)
    GPIO_ReadInputData                       0x0800afa7   Thumb Code     6  stm32f4xx_gpio.o(.text)
    GPIO_ReadOutputDataBit                   0x0800afad   Thumb Code    14  stm32f4xx_gpio.o(.text)
    GPIO_ReadOutputData                      0x0800afbb   Thumb Code     6  stm32f4xx_gpio.o(.text)
    GPIO_SetBits                             0x0800afc1   Thumb Code     4  stm32f4xx_gpio.o(.text)
    GPIO_ResetBits                           0x0800afc5   Thumb Code     4  stm32f4xx_gpio.o(.text)
    GPIO_WriteBit                            0x0800afc9   Thumb Code    10  stm32f4xx_gpio.o(.text)
    GPIO_Write                               0x0800afd3   Thumb Code     4  stm32f4xx_gpio.o(.text)
    GPIO_ToggleBits                          0x0800afd7   Thumb Code     8  stm32f4xx_gpio.o(.text)
    GPIO_PinAFConfig                         0x0800afdf   Thumb Code    32  stm32f4xx_gpio.o(.text)
    RCC_DeInit                               0x0800b025   Thumb Code    48  stm32f4xx_rcc.o(.text)
    RCC_HSEConfig                            0x0800b055   Thumb Code    12  stm32f4xx_rcc.o(.text)
    RCC_GetFlagStatus                        0x0800b061   Thumb Code    46  stm32f4xx_rcc.o(.text)
    RCC_WaitForHSEStartUp                    0x0800b08f   Thumb Code    44  stm32f4xx_rcc.o(.text)
    RCC_AdjustHSICalibrationValue            0x0800b0bb   Thumb Code    16  stm32f4xx_rcc.o(.text)
    RCC_HSICmd                               0x0800b0cb   Thumb Code     6  stm32f4xx_rcc.o(.text)
    RCC_LSEConfig                            0x0800b0d1   Thumb Code    24  stm32f4xx_rcc.o(.text)
    RCC_LSICmd                               0x0800b0e9   Thumb Code     6  stm32f4xx_rcc.o(.text)
    RCC_PLLConfig                            0x0800b0ef   Thumb Code    32  stm32f4xx_rcc.o(.text)
    RCC_PLLCmd                               0x0800b10f   Thumb Code     6  stm32f4xx_rcc.o(.text)
    RCC_PLLI2SConfig                         0x0800b115   Thumb Code    14  stm32f4xx_rcc.o(.text)
    RCC_PLLI2SCmd                            0x0800b123   Thumb Code     6  stm32f4xx_rcc.o(.text)
    RCC_ClockSecuritySystemCmd               0x0800b129   Thumb Code     6  stm32f4xx_rcc.o(.text)
    RCC_MCO1Config                           0x0800b12f   Thumb Code    18  stm32f4xx_rcc.o(.text)
    RCC_MCO2Config                           0x0800b141   Thumb Code    18  stm32f4xx_rcc.o(.text)
    RCC_SYSCLKConfig                         0x0800b153   Thumb Code    16  stm32f4xx_rcc.o(.text)
    RCC_GetSYSCLKSource                      0x0800b163   Thumb Code    12  stm32f4xx_rcc.o(.text)
    RCC_HCLKConfig                           0x0800b16f   Thumb Code    16  stm32f4xx_rcc.o(.text)
    RCC_PCLK1Config                          0x0800b17f   Thumb Code    16  stm32f4xx_rcc.o(.text)
    RCC_PCLK2Config                          0x0800b18f   Thumb Code    18  stm32f4xx_rcc.o(.text)
    RCC_GetClocksFreq                        0x0800b1a1   Thumb Code   134  stm32f4xx_rcc.o(.text)
    RCC_RTCCLKConfig                         0x0800b227   Thumb Code    42  stm32f4xx_rcc.o(.text)
    RCC_RTCCLKCmd                            0x0800b251   Thumb Code     8  stm32f4xx_rcc.o(.text)
    RCC_BackupResetCmd                       0x0800b259   Thumb Code     8  stm32f4xx_rcc.o(.text)
    RCC_I2SCLKConfig                         0x0800b261   Thumb Code     8  stm32f4xx_rcc.o(.text)
    RCC_AHB1PeriphClockCmd                   0x0800b269   Thumb Code    20  stm32f4xx_rcc.o(.text)
    RCC_AHB2PeriphClockCmd                   0x0800b27d   Thumb Code    20  stm32f4xx_rcc.o(.text)
    RCC_AHB3PeriphClockCmd                   0x0800b291   Thumb Code    20  stm32f4xx_rcc.o(.text)
    RCC_APB1PeriphClockCmd                   0x0800b2a5   Thumb Code    20  stm32f4xx_rcc.o(.text)
    RCC_APB2PeriphClockCmd                   0x0800b2b9   Thumb Code    20  stm32f4xx_rcc.o(.text)
    RCC_AHB1PeriphResetCmd                   0x0800b2cd   Thumb Code    20  stm32f4xx_rcc.o(.text)
    RCC_AHB2PeriphResetCmd                   0x0800b2e1   Thumb Code    20  stm32f4xx_rcc.o(.text)
    RCC_AHB3PeriphResetCmd                   0x0800b2f5   Thumb Code    20  stm32f4xx_rcc.o(.text)
    RCC_APB1PeriphResetCmd                   0x0800b309   Thumb Code    20  stm32f4xx_rcc.o(.text)
    RCC_APB2PeriphResetCmd                   0x0800b31d   Thumb Code    20  stm32f4xx_rcc.o(.text)
    RCC_AHB1PeriphClockLPModeCmd             0x0800b331   Thumb Code    20  stm32f4xx_rcc.o(.text)
    RCC_AHB2PeriphClockLPModeCmd             0x0800b345   Thumb Code    20  stm32f4xx_rcc.o(.text)
    RCC_AHB3PeriphClockLPModeCmd             0x0800b359   Thumb Code    20  stm32f4xx_rcc.o(.text)
    RCC_APB1PeriphClockLPModeCmd             0x0800b36d   Thumb Code    20  stm32f4xx_rcc.o(.text)
    RCC_APB2PeriphClockLPModeCmd             0x0800b381   Thumb Code    20  stm32f4xx_rcc.o(.text)
    RCC_ITConfig                             0x0800b395   Thumb Code    20  stm32f4xx_rcc.o(.text)
    RCC_ClearFlag                            0x0800b3a9   Thumb Code    14  stm32f4xx_rcc.o(.text)
    RCC_GetITStatus                          0x0800b3b7   Thumb Code    18  stm32f4xx_rcc.o(.text)
    RCC_ClearITPendingBit                    0x0800b3c9   Thumb Code     8  stm32f4xx_rcc.o(.text)
    SYSCFG_DeInit                            0x0800b3f5   Thumb Code    24  stm32f4xx_syscfg.o(.text)
    SYSCFG_MemoryRemapConfig                 0x0800b40d   Thumb Code     6  stm32f4xx_syscfg.o(.text)
    SYSCFG_EXTILineConfig                    0x0800b413   Thumb Code    42  stm32f4xx_syscfg.o(.text)
    SYSCFG_ETH_MediaInterfaceConfig          0x0800b43d   Thumb Code     8  stm32f4xx_syscfg.o(.text)
    SYSCFG_CompensationCellCmd               0x0800b445   Thumb Code     6  stm32f4xx_syscfg.o(.text)
    SYSCFG_GetCompensationCellStatus         0x0800b44b   Thumb Code    16  stm32f4xx_syscfg.o(.text)
    SDIO_DeInit                              0x0800b46d   Thumb Code    24  stm32f4xx_sdio.o(.text)
    SDIO_Init                                0x0800b485   Thumb Code    40  stm32f4xx_sdio.o(.text)
    SDIO_StructInit                          0x0800b4ad   Thumb Code    16  stm32f4xx_sdio.o(.text)
    SDIO_ClockCmd                            0x0800b4bd   Thumb Code     8  stm32f4xx_sdio.o(.text)
    SDIO_SetPowerState                       0x0800b4c5   Thumb Code     8  stm32f4xx_sdio.o(.text)
    SDIO_GetPowerState                       0x0800b4cd   Thumb Code    12  stm32f4xx_sdio.o(.text)
    SDIO_SendCommand                         0x0800b4d9   Thumb Code    38  stm32f4xx_sdio.o(.text)
    SDIO_CmdStructInit                       0x0800b4ff   Thumb Code    14  stm32f4xx_sdio.o(.text)
    SDIO_GetCommandResponse                  0x0800b50d   Thumb Code    10  stm32f4xx_sdio.o(.text)
    SDIO_GetResponse                         0x0800b517   Thumb Code    14  stm32f4xx_sdio.o(.text)
    SDIO_DataConfig                          0x0800b525   Thumb Code    44  stm32f4xx_sdio.o(.text)
    SDIO_DataStructInit                      0x0800b551   Thumb Code    20  stm32f4xx_sdio.o(.text)
    SDIO_GetDataCounter                      0x0800b565   Thumb Code     8  stm32f4xx_sdio.o(.text)
    SDIO_ReadData                            0x0800b56d   Thumb Code     8  stm32f4xx_sdio.o(.text)
    SDIO_WriteData                           0x0800b575   Thumb Code     8  stm32f4xx_sdio.o(.text)
    SDIO_GetFIFOCount                        0x0800b57d   Thumb Code     8  stm32f4xx_sdio.o(.text)
    SDIO_StartSDIOReadWait                   0x0800b585   Thumb Code     6  stm32f4xx_sdio.o(.text)
    SDIO_StopSDIOReadWait                    0x0800b58b   Thumb Code     8  stm32f4xx_sdio.o(.text)
    SDIO_SetSDIOReadWaitMode                 0x0800b593   Thumb Code     8  stm32f4xx_sdio.o(.text)
    SDIO_SetSDIOOperation                    0x0800b59b   Thumb Code     8  stm32f4xx_sdio.o(.text)
    SDIO_SendSDIOSuspendCmd                  0x0800b5a3   Thumb Code     8  stm32f4xx_sdio.o(.text)
    SDIO_CommandCompletionCmd                0x0800b5ab   Thumb Code     8  stm32f4xx_sdio.o(.text)
    SDIO_CEATAITCmd                          0x0800b5b3   Thumb Code    12  stm32f4xx_sdio.o(.text)
    SDIO_SendCEATACmd                        0x0800b5bf   Thumb Code     8  stm32f4xx_sdio.o(.text)
    SDIO_DMACmd                              0x0800b5c7   Thumb Code     8  stm32f4xx_sdio.o(.text)
    SDIO_ITConfig                            0x0800b5cf   Thumb Code    20  stm32f4xx_sdio.o(.text)
    SDIO_GetFlagStatus                       0x0800b5e3   Thumb Code    18  stm32f4xx_sdio.o(.text)
    SDIO_ClearFlag                           0x0800b5f5   Thumb Code     8  stm32f4xx_sdio.o(.text)
    SDIO_GetITStatus                         0x0800b5fd   Thumb Code    18  stm32f4xx_sdio.o(.text)
    SDIO_ClearITPendingBit                   0x0800b60f   Thumb Code     8  stm32f4xx_sdio.o(.text)
    ETH_DeInit                               0x0800b625   Thumb Code    24  stm32f4x7_eth.o(.text)
    ETH_StructInit                           0x0800b63d   Thumb Code   136  stm32f4x7_eth.o(.text)
    ETH_WritePHYRegister                     0x0800b6c5   Thumb Code    76  stm32f4x7_eth.o(.text)
    ETH_ReadPHYRegister                      0x0800b711   Thumb Code    80  stm32f4x7_eth.o(.text)
    ETH_Init                                 0x0800b761   Thumb Code   538  stm32f4x7_eth.o(.text)
    ETH_DMAReceptionCmd                      0x0800b97b   Thumb Code    22  stm32f4x7_eth.o(.text)
    ETH_DMATransmissionCmd                   0x0800b991   Thumb Code    22  stm32f4x7_eth.o(.text)
    ETH_MACReceptionCmd                      0x0800b9a7   Thumb Code    22  stm32f4x7_eth.o(.text)
    ETH_FlushTransmitFIFO                    0x0800b9bd   Thumb Code    12  stm32f4x7_eth.o(.text)
    ETH_MACTransmissionCmd                   0x0800b9c9   Thumb Code    22  stm32f4x7_eth.o(.text)
    ETH_Start                                0x0800b9df   Thumb Code    32  stm32f4x7_eth.o(.text)
    ETH_GetFlowControlBusyStatus             0x0800b9ff   Thumb Code    14  stm32f4x7_eth.o(.text)
    ETH_InitiatePauseControlFrame            0x0800ba0d   Thumb Code    12  stm32f4x7_eth.o(.text)
    ETH_BackPressureActivationCmd            0x0800ba19   Thumb Code    22  stm32f4x7_eth.o(.text)
    ETH_GetMACFlagStatus                     0x0800ba2f   Thumb Code    16  stm32f4x7_eth.o(.text)
    ETH_GetMACITStatus                       0x0800ba3f   Thumb Code    16  stm32f4x7_eth.o(.text)
    ETH_MACITConfig                          0x0800ba4f   Thumb Code    18  stm32f4x7_eth.o(.text)
    ETH_MACAddressConfig                     0x0800ba61   Thumb Code    22  stm32f4x7_eth.o(.text)
    ETH_GetMACAddress                        0x0800ba77   Thumb Code    30  stm32f4x7_eth.o(.text)
    ETH_MACAddressPerfectFilterCmd           0x0800ba95   Thumb Code    80  stm32f4x7_eth.o(.text)
    ETH_MACAddressFilterConfig               0x0800bae5   Thumb Code    24  stm32f4x7_eth.o(.text)
    ETH_MACAddressMaskBytesFilterConfig      0x0800bafd   Thumb Code    20  stm32f4x7_eth.o(.text)
    ETH_Get_Received_Frame                   0x0800bb11   Thumb Code    42  stm32f4x7_eth.o(.text)
    ETH_Get_Received_Frame_interrupt         0x0800bb3b   Thumb Code   134  stm32f4x7_eth.o(.text)
    ETH_Prepare_Transmit_Descriptors         0x0800bbc1   Thumb Code   168  stm32f4x7_eth.o(.text)
    ETH_Prepare_Transmit_Descriptors_TimeStamp 0x0800bc69   Thumb Code   256  stm32f4x7_eth.o(.text)
    ETH_DMARxDescChainInit                   0x0800bd69   Thumb Code    74  stm32f4x7_eth.o(.text)
    ETH_CheckFrameReceived                   0x0800bdb3   Thumb Code    96  stm32f4x7_eth.o(.text)
    ETH_DMATxDescChainInit                   0x0800be13   Thumb Code    64  stm32f4x7_eth.o(.text)
    ETH_GetDMATxDescFlagStatus               0x0800be53   Thumb Code    14  stm32f4x7_eth.o(.text)
    ETH_GetDMATxDescCollisionCount           0x0800be61   Thumb Code     8  stm32f4x7_eth.o(.text)
    ETH_SetDMATxDescOwnBit                   0x0800be69   Thumb Code    10  stm32f4x7_eth.o(.text)
    ETH_DMATxDescTransmitITConfig            0x0800be73   Thumb Code    20  stm32f4x7_eth.o(.text)
    ETH_DMATxDescFrameSegmentConfig          0x0800be87   Thumb Code     8  stm32f4x7_eth.o(.text)
    ETH_DMATxDescChecksumInsertionConfig     0x0800be8f   Thumb Code     8  stm32f4x7_eth.o(.text)
    ETH_DMATxDescCRCCmd                      0x0800be97   Thumb Code    20  stm32f4x7_eth.o(.text)
    ETH_DMATxDescSecondAddressChainedCmd     0x0800beab   Thumb Code    20  stm32f4x7_eth.o(.text)
    ETH_DMATxDescShortFramePaddingCmd        0x0800bebf   Thumb Code    42  stm32f4x7_eth.o(.text)
    ETH_DMATxDescBufferSizeConfig            0x0800bee9   Thumb Code    12  stm32f4x7_eth.o(.text)
    ETH_GetDMARxDescFlagStatus               0x0800bef5   Thumb Code    14  stm32f4x7_eth.o(.text)
    ETH_GetDMAPTPRxDescExtendedFlagStatus    0x0800bf03   Thumb Code    14  stm32f4x7_eth.o(.text)
    ETH_SetDMARxDescOwnBit                   0x0800bf11   Thumb Code    10  stm32f4x7_eth.o(.text)
    ETH_GetDMARxDescFrameLength              0x0800bf1b   Thumb Code     8  stm32f4x7_eth.o(.text)
    ETH_DMARxDescReceiveITConfig             0x0800bf23   Thumb Code    18  stm32f4x7_eth.o(.text)
    ETH_GetDMARxDescBufferSize               0x0800bf35   Thumb Code    16  stm32f4x7_eth.o(.text)
    ETH_GetRxPktSize                         0x0800bf45   Thumb Code    30  stm32f4x7_eth.o(.text)
    ETH_EnhancedDescriptorCmd                0x0800bf63   Thumb Code    22  stm32f4x7_eth.o(.text)
    ETH_SoftwareReset                        0x0800bf79   Thumb Code    12  stm32f4x7_eth.o(.text)
    ETH_GetSoftwareResetStatus               0x0800bf85   Thumb Code    14  stm32f4x7_eth.o(.text)
    ETH_GetDMAFlagStatus                     0x0800bf93   Thumb Code    16  stm32f4x7_eth.o(.text)
    ETH_DMAClearFlag                         0x0800bfa3   Thumb Code     6  stm32f4x7_eth.o(.text)
    ETH_DMAITConfig                          0x0800bfa9   Thumb Code    18  stm32f4x7_eth.o(.text)
    ETH_GetDMAITStatus                       0x0800bfbb   Thumb Code    16  stm32f4x7_eth.o(.text)
    ETH_DMAClearITPendingBit                 0x0800bfcb   Thumb Code     6  stm32f4x7_eth.o(.text)
    ETH_GetTransmitProcessState              0x0800bfd1   Thumb Code    10  stm32f4x7_eth.o(.text)
    ETH_GetReceiveProcessState               0x0800bfdb   Thumb Code    10  stm32f4x7_eth.o(.text)
    ETH_GetFlushTransmitFIFOStatus           0x0800bfe5   Thumb Code    14  stm32f4x7_eth.o(.text)
    ETH_GetDMAOverflowStatus                 0x0800bff3   Thumb Code    16  stm32f4x7_eth.o(.text)
    ETH_GetRxOverflowMissedFrameCounter      0x0800c003   Thumb Code    10  stm32f4x7_eth.o(.text)
    ETH_GetBufferUnavailableMissedFrameCounter 0x0800c00d   Thumb Code     8  stm32f4x7_eth.o(.text)
    ETH_GetCurrentTxDescStartAddress         0x0800c015   Thumb Code     6  stm32f4x7_eth.o(.text)
    ETH_GetCurrentRxDescStartAddress         0x0800c01b   Thumb Code     6  stm32f4x7_eth.o(.text)
    ETH_GetCurrentTxBufferAddress            0x0800c021   Thumb Code     6  stm32f4x7_eth.o(.text)
    ETH_GetCurrentRxBufferAddress            0x0800c027   Thumb Code     6  stm32f4x7_eth.o(.text)
    ETH_ResumeDMATransmission                0x0800c02d   Thumb Code     8  stm32f4x7_eth.o(.text)
    ETH_ResumeDMAReception                   0x0800c035   Thumb Code     8  stm32f4x7_eth.o(.text)
    ETH_SetReceiveWatchdogTimer              0x0800c03d   Thumb Code     6  stm32f4x7_eth.o(.text)
    ETH_PHYLoopBackCmd                       0x0800c043   Thumb Code    40  stm32f4x7_eth.o(.text)
    ETH_ResetWakeUpFrameFilterRegisterPointer 0x0800c06b   Thumb Code    12  stm32f4x7_eth.o(.text)
    ETH_SetWakeUpFrameFilterRegister         0x0800c077   Thumb Code    20  stm32f4x7_eth.o(.text)
    ETH_GlobalUnicastWakeUpCmd               0x0800c08b   Thumb Code    22  stm32f4x7_eth.o(.text)
    ETH_GetPMTFlagStatus                     0x0800c0a1   Thumb Code    16  stm32f4x7_eth.o(.text)
    ETH_WakeUpFrameDetectionCmd              0x0800c0b1   Thumb Code    22  stm32f4x7_eth.o(.text)
    ETH_MagicPacketDetectionCmd              0x0800c0c7   Thumb Code    22  stm32f4x7_eth.o(.text)
    ETH_PowerDownCmd                         0x0800c0dd   Thumb Code    22  stm32f4x7_eth.o(.text)
    ETH_MMCCounterFullPreset                 0x0800c0f3   Thumb Code    16  stm32f4x7_eth.o(.text)
    ETH_MMCCounterHalfPreset                 0x0800c103   Thumb Code    28  stm32f4x7_eth.o(.text)
    ETH_MMCCounterFreezeCmd                  0x0800c11f   Thumb Code    26  stm32f4x7_eth.o(.text)
    ETH_MMCResetOnReadCmd                    0x0800c139   Thumb Code    26  stm32f4x7_eth.o(.text)
    ETH_MMCCounterRolloverCmd                0x0800c153   Thumb Code    26  stm32f4x7_eth.o(.text)
    ETH_MMCCountersReset                     0x0800c16d   Thumb Code    16  stm32f4x7_eth.o(.text)
    ETH_MMCITConfig                          0x0800c17d   Thumb Code    50  stm32f4x7_eth.o(.text)
    ETH_GetMMCITStatus                       0x0800c1af   Thumb Code    36  stm32f4x7_eth.o(.text)
    ETH_GetMMCRegister                       0x0800c1d3   Thumb Code     6  stm32f4x7_eth.o(.text)
    ETH_EnablePTPTimeStampAddend             0x0800c1d9   Thumb Code    12  stm32f4x7_eth.o(.text)
    ETH_EnablePTPTimeStampInterruptTrigger   0x0800c1e5   Thumb Code    12  stm32f4x7_eth.o(.text)
    ETH_EnablePTPTimeStampUpdate             0x0800c1f1   Thumb Code    12  stm32f4x7_eth.o(.text)
    ETH_InitializePTPTimeStamp               0x0800c1fd   Thumb Code    12  stm32f4x7_eth.o(.text)
    ETH_PTPUpdateMethodConfig                0x0800c209   Thumb Code    22  stm32f4x7_eth.o(.text)
    ETH_PTPTimeStampCmd                      0x0800c21f   Thumb Code    24  stm32f4x7_eth.o(.text)
    ETH_GetPTPFlagStatus                     0x0800c237   Thumb Code    16  stm32f4x7_eth.o(.text)
    ETH_SetPTPSubSecondIncrement             0x0800c247   Thumb Code     8  stm32f4x7_eth.o(.text)
    ETH_SetPTPTimeStampUpdate                0x0800c24f   Thumb Code    14  stm32f4x7_eth.o(.text)
    ETH_SetPTPTimeStampAddend                0x0800c25d   Thumb Code     8  stm32f4x7_eth.o(.text)
    ETH_SetPTPTargetTime                     0x0800c265   Thumb Code    12  stm32f4x7_eth.o(.text)
    ETH_GetPTPRegister                       0x0800c271   Thumb Code     6  stm32f4x7_eth.o(.text)
    Reset_Handler                            0x0800c295   Thumb Code     8  startup_stm32f4xx.o(.text)
    ADC_IRQHandler                           0x0800c2af   Thumb Code     0  startup_stm32f4xx.o(.text)
    CAN1_RX0_IRQHandler                      0x0800c2af   Thumb Code     0  startup_stm32f4xx.o(.text)
    CAN1_RX1_IRQHandler                      0x0800c2af   Thumb Code     0  startup_stm32f4xx.o(.text)
    CAN1_SCE_IRQHandler                      0x0800c2af   Thumb Code     0  startup_stm32f4xx.o(.text)
    CAN1_TX_IRQHandler                       0x0800c2af   Thumb Code     0  startup_stm32f4xx.o(.text)
    CAN2_RX0_IRQHandler                      0x0800c2af   Thumb Code     0  startup_stm32f4xx.o(.text)
    CAN2_RX1_IRQHandler                      0x0800c2af   Thumb Code     0  startup_stm32f4xx.o(.text)
    CAN2_SCE_IRQHandler                      0x0800c2af   Thumb Code     0  startup_stm32f4xx.o(.text)
    CAN2_TX_IRQHandler                       0x0800c2af   Thumb Code     0  startup_stm32f4xx.o(.text)
    CRYP_IRQHandler                          0x0800c2af   Thumb Code     0  startup_stm32f4xx.o(.text)
    DCMI_IRQHandler                          0x0800c2af   Thumb Code     0  startup_stm32f4xx.o(.text)
    DMA1_Stream0_IRQHandler                  0x0800c2af   Thumb Code     0  startup_stm32f4xx.o(.text)
    DMA1_Stream1_IRQHandler                  0x0800c2af   Thumb Code     0  startup_stm32f4xx.o(.text)
    DMA1_Stream2_IRQHandler                  0x0800c2af   Thumb Code     0  startup_stm32f4xx.o(.text)
    DMA1_Stream3_IRQHandler                  0x0800c2af   Thumb Code     0  startup_stm32f4xx.o(.text)
    DMA1_Stream4_IRQHandler                  0x0800c2af   Thumb Code     0  startup_stm32f4xx.o(.text)
    DMA1_Stream5_IRQHandler                  0x0800c2af   Thumb Code     0  startup_stm32f4xx.o(.text)
    DMA1_Stream6_IRQHandler                  0x0800c2af   Thumb Code     0  startup_stm32f4xx.o(.text)
    DMA1_Stream7_IRQHandler                  0x0800c2af   Thumb Code     0  startup_stm32f4xx.o(.text)
    DMA2_Stream0_IRQHandler                  0x0800c2af   Thumb Code     0  startup_stm32f4xx.o(.text)
    DMA2_Stream1_IRQHandler                  0x0800c2af   Thumb Code     0  startup_stm32f4xx.o(.text)
    DMA2_Stream2_IRQHandler                  0x0800c2af   Thumb Code     0  startup_stm32f4xx.o(.text)
    DMA2_Stream3_IRQHandler                  0x0800c2af   Thumb Code     0  startup_stm32f4xx.o(.text)
    DMA2_Stream4_IRQHandler                  0x0800c2af   Thumb Code     0  startup_stm32f4xx.o(.text)
    DMA2_Stream5_IRQHandler                  0x0800c2af   Thumb Code     0  startup_stm32f4xx.o(.text)
    DMA2_Stream6_IRQHandler                  0x0800c2af   Thumb Code     0  startup_stm32f4xx.o(.text)
    DMA2_Stream7_IRQHandler                  0x0800c2af   Thumb Code     0  startup_stm32f4xx.o(.text)
    ETH_WKUP_IRQHandler                      0x0800c2af   Thumb Code     0  startup_stm32f4xx.o(.text)
    EXTI0_IRQHandler                         0x0800c2af   Thumb Code     0  startup_stm32f4xx.o(.text)
    EXTI15_10_IRQHandler                     0x0800c2af   Thumb Code     0  startup_stm32f4xx.o(.text)
    EXTI1_IRQHandler                         0x0800c2af   Thumb Code     0  startup_stm32f4xx.o(.text)
    EXTI2_IRQHandler                         0x0800c2af   Thumb Code     0  startup_stm32f4xx.o(.text)
    EXTI3_IRQHandler                         0x0800c2af   Thumb Code     0  startup_stm32f4xx.o(.text)
    EXTI4_IRQHandler                         0x0800c2af   Thumb Code     0  startup_stm32f4xx.o(.text)
    EXTI9_5_IRQHandler                       0x0800c2af   Thumb Code     0  startup_stm32f4xx.o(.text)
    FLASH_IRQHandler                         0x0800c2af   Thumb Code     0  startup_stm32f4xx.o(.text)
    FPU_IRQHandler                           0x0800c2af   Thumb Code     0  startup_stm32f4xx.o(.text)
    FSMC_IRQHandler                          0x0800c2af   Thumb Code     0  startup_stm32f4xx.o(.text)
    HASH_RNG_IRQHandler                      0x0800c2af   Thumb Code     0  startup_stm32f4xx.o(.text)
    I2C1_ER_IRQHandler                       0x0800c2af   Thumb Code     0  startup_stm32f4xx.o(.text)
    I2C1_EV_IRQHandler                       0x0800c2af   Thumb Code     0  startup_stm32f4xx.o(.text)
    I2C2_ER_IRQHandler                       0x0800c2af   Thumb Code     0  startup_stm32f4xx.o(.text)
    I2C2_EV_IRQHandler                       0x0800c2af   Thumb Code     0  startup_stm32f4xx.o(.text)
    I2C3_ER_IRQHandler                       0x0800c2af   Thumb Code     0  startup_stm32f4xx.o(.text)
    I2C3_EV_IRQHandler                       0x0800c2af   Thumb Code     0  startup_stm32f4xx.o(.text)
    OTG_FS_IRQHandler                        0x0800c2af   Thumb Code     0  startup_stm32f4xx.o(.text)
    OTG_FS_WKUP_IRQHandler                   0x0800c2af   Thumb Code     0  startup_stm32f4xx.o(.text)
    OTG_HS_EP1_IN_IRQHandler                 0x0800c2af   Thumb Code     0  startup_stm32f4xx.o(.text)
    OTG_HS_EP1_OUT_IRQHandler                0x0800c2af   Thumb Code     0  startup_stm32f4xx.o(.text)
    OTG_HS_IRQHandler                        0x0800c2af   Thumb Code     0  startup_stm32f4xx.o(.text)
    OTG_HS_WKUP_IRQHandler                   0x0800c2af   Thumb Code     0  startup_stm32f4xx.o(.text)
    PVD_IRQHandler                           0x0800c2af   Thumb Code     0  startup_stm32f4xx.o(.text)
    RCC_IRQHandler                           0x0800c2af   Thumb Code     0  startup_stm32f4xx.o(.text)
    RTC_Alarm_IRQHandler                     0x0800c2af   Thumb Code     0  startup_stm32f4xx.o(.text)
    RTC_WKUP_IRQHandler                      0x0800c2af   Thumb Code     0  startup_stm32f4xx.o(.text)
    SDIO_IRQHandler                          0x0800c2af   Thumb Code     0  startup_stm32f4xx.o(.text)
    SPI1_IRQHandler                          0x0800c2af   Thumb Code     0  startup_stm32f4xx.o(.text)
    SPI2_IRQHandler                          0x0800c2af   Thumb Code     0  startup_stm32f4xx.o(.text)
    SPI3_IRQHandler                          0x0800c2af   Thumb Code     0  startup_stm32f4xx.o(.text)
    TAMP_STAMP_IRQHandler                    0x0800c2af   Thumb Code     0  startup_stm32f4xx.o(.text)
    TIM1_BRK_TIM9_IRQHandler                 0x0800c2af   Thumb Code     0  startup_stm32f4xx.o(.text)
    TIM1_CC_IRQHandler                       0x0800c2af   Thumb Code     0  startup_stm32f4xx.o(.text)
    TIM1_TRG_COM_TIM11_IRQHandler            0x0800c2af   Thumb Code     0  startup_stm32f4xx.o(.text)
    TIM1_UP_TIM10_IRQHandler                 0x0800c2af   Thumb Code     0  startup_stm32f4xx.o(.text)
    TIM2_IRQHandler                          0x0800c2af   Thumb Code     0  startup_stm32f4xx.o(.text)
    TIM3_IRQHandler                          0x0800c2af   Thumb Code     0  startup_stm32f4xx.o(.text)
    TIM4_IRQHandler                          0x0800c2af   Thumb Code     0  startup_stm32f4xx.o(.text)
    TIM5_IRQHandler                          0x0800c2af   Thumb Code     0  startup_stm32f4xx.o(.text)
    TIM6_DAC_IRQHandler                      0x0800c2af   Thumb Code     0  startup_stm32f4xx.o(.text)
    TIM7_IRQHandler                          0x0800c2af   Thumb Code     0  startup_stm32f4xx.o(.text)
    TIM8_BRK_TIM12_IRQHandler                0x0800c2af   Thumb Code     0  startup_stm32f4xx.o(.text)
    TIM8_CC_IRQHandler                       0x0800c2af   Thumb Code     0  startup_stm32f4xx.o(.text)
    TIM8_TRG_COM_TIM14_IRQHandler            0x0800c2af   Thumb Code     0  startup_stm32f4xx.o(.text)
    TIM8_UP_TIM13_IRQHandler                 0x0800c2af   Thumb Code     0  startup_stm32f4xx.o(.text)
    UART4_IRQHandler                         0x0800c2af   Thumb Code     0  startup_stm32f4xx.o(.text)
    UART5_IRQHandler                         0x0800c2af   Thumb Code     0  startup_stm32f4xx.o(.text)
    USART1_IRQHandler                        0x0800c2af   Thumb Code     0  startup_stm32f4xx.o(.text)
    USART2_IRQHandler                        0x0800c2af   Thumb Code     0  startup_stm32f4xx.o(.text)
    USART3_IRQHandler                        0x0800c2af   Thumb Code     0  startup_stm32f4xx.o(.text)
    USART6_IRQHandler                        0x0800c2af   Thumb Code     0  startup_stm32f4xx.o(.text)
    WWDG_IRQHandler                          0x0800c2af   Thumb Code     0  startup_stm32f4xx.o(.text)
    __aeabi_uldivmod                         0x0800c2b9   Thumb Code    98  uldiv.o(.text)
    rand                                     0x0800c31d   Thumb Code    20  rand.o(.text)
    srand                                    0x0800c331   Thumb Code     6  rand.o(.text)
    __aeabi_memcpy                           0x0800c341   Thumb Code    36  memcpya.o(.text)
    __aeabi_memcpy4                          0x0800c341   Thumb Code     0  memcpya.o(.text)
    __aeabi_memcpy8                          0x0800c341   Thumb Code     0  memcpya.o(.text)
    __aeabi_memset                           0x0800c365   Thumb Code    14  memseta.o(.text)
    __aeabi_memset4                          0x0800c365   Thumb Code     0  memseta.o(.text)
    __aeabi_memset8                          0x0800c365   Thumb Code     0  memseta.o(.text)
    __aeabi_memclr                           0x0800c373   Thumb Code     4  memseta.o(.text)
    __aeabi_memclr4                          0x0800c373   Thumb Code     0  memseta.o(.text)
    __aeabi_memclr8                          0x0800c373   Thumb Code     0  memseta.o(.text)
    _memset$wrapper                          0x0800c377   Thumb Code    18  memseta.o(.text)
    strlen                                   0x0800c389   Thumb Code    14  strlen.o(.text)
    memcmp                                   0x0800c397   Thumb Code    26  memcmp.o(.text)
    __aeabi_llsl                             0x0800c3b1   Thumb Code    30  llshl.o(.text)
    _ll_shift_l                              0x0800c3b1   Thumb Code     0  llshl.o(.text)
    __aeabi_llsr                             0x0800c3cf   Thumb Code    32  llushr.o(.text)
    _ll_ushift_r                             0x0800c3cf   Thumb Code     0  llushr.o(.text)
    __scatterload                            0x0800c3f1   Thumb Code    28  init.o(.text)
    __scatterload_rt2                        0x0800c3f1   Thumb Code     0  init.o(.text)
    __I$use$semihosting$fputc                0x0800c415   Thumb Code     0  iusesemip.o(.text)
    __decompress                             0x0800c415   Thumb Code     0  __dczerorl2.o(.text)
    __decompress1                            0x0800c415   Thumb Code    86  __dczerorl2.o(.text)
    __semihosting_library_function           0x0800c415   Thumb Code     0  semi.o(.text)
    SVC_Count                                0x0800c46c   Data           4  svc_table.o(SVC_TABLE)
    SVC_Table                                0x0800c470   Data           0  svc_table.o(SVC_TABLE)
    __0printf$8                              0x0800c471   Thumb Code    22  printf8.o(i.__0printf$8)
    __1printf$8                              0x0800c471   Thumb Code     0  printf8.o(i.__0printf$8)
    __2printf                                0x0800c471   Thumb Code     0  printf8.o(i.__0printf$8)
    __0sprintf$8                             0x0800c491   Thumb Code    34  printf8.o(i.__0sprintf$8)
    __1sprintf$8                             0x0800c491   Thumb Code     0  printf8.o(i.__0sprintf$8)
    __2sprintf                               0x0800c491   Thumb Code     0  printf8.o(i.__0sprintf$8)
    __scatterload_copy                       0x0800c4b9   Thumb Code    14  handlers.o(i.__scatterload_copy)
    __scatterload_null                       0x0800c4c7   Thumb Code     2  handlers.o(i.__scatterload_null)
    __scatterload_zeroinit                   0x0800c4c9   Thumb Code    14  handlers.o(i.__scatterload_zeroinit)
    fputc                                    0x0800c945   Thumb Code    18  fputc.o(i.fputc)
    ethbroadcast                             0x0800c956   Data           6  etharp.o(.constdata)
    ethzero                                  0x0800c95c   Data           6  etharp.o(.constdata)
    ip_addr_any                              0x0800c964   Data           4  ip_addr.o(.constdata)
    ip_addr_broadcast                        0x0800c968   Data           4  ip_addr.o(.constdata)
    tcp_persist_backoff                      0x0800c9e0   Data           7  tcp.o(.constdata)
    tcp_state_str                            0x0800c9e8   Data          44  tcp.o(.constdata)
    tcp_backoff                              0x0800ca14   Data          13  tcp.o(.constdata)
    tcp_pcb_lists                            0x0800ca24   Data          16  tcp.o(.constdata)
    os_mutex_def_lwip_sys_mutex              0x0800ca34   Data           4  sys_arch.o(.constdata)
    os_maxtaskrun                            0x0800ca38   Data           2  rtx_conf_cm.o(.constdata)
    os_stackinfo                             0x0800ca3c   Data           4  rtx_conf_cm.o(.constdata)
    os_rrobin                                0x0800ca40   Data           4  rtx_conf_cm.o(.constdata)
    os_trv                                   0x0800ca44   Data           4  rtx_conf_cm.o(.constdata)
    os_flags                                 0x0800ca48   Data           1  rtx_conf_cm.o(.constdata)
    CMSIS_RTOS_API_Version                   0x0800ca4c   Data           4  rtx_conf_cm.o(.constdata)
    CMSIS_RTOS_RTX_Version                   0x0800ca50   Data           4  rtx_conf_cm.o(.constdata)
    os_clockrate                             0x0800ca54   Data           4  rtx_conf_cm.o(.constdata)
    os_timernum                              0x0800ca58   Data           4  rtx_conf_cm.o(.constdata)
    mp_tcb_size                              0x0800ca5c   Data           2  rtx_conf_cm.o(.constdata)
    mp_stk_size                              0x0800ca60   Data           4  rtx_conf_cm.o(.constdata)
    os_stack_sz                              0x0800ca64   Data           4  rtx_conf_cm.o(.constdata)
    os_fifo_size                             0x0800ca68   Data           1  rtx_conf_cm.o(.constdata)
    os_thread_def_osTimerThread              0x0800ca6c   Data          16  rtx_conf_cm.o(.constdata)
    os_messageQ_def_osTimerMessageQ          0x0800ca7c   Data           8  rtx_conf_cm.o(.constdata)
    mp_tmr_size                              0x0800ca84   Data           2  rtx_conf_cm.o(.constdata)
    BUTTON_PORT_SOURCE                       0x0800ca88   Data           1  stm32f4_discovery.o(.constdata)
    BUTTON_PIN_SOURCE                        0x0800ca89   Data           1  stm32f4_discovery.o(.constdata)
    BUTTON_IRQn                              0x0800ca8a   Data           1  stm32f4_discovery.o(.constdata)
    BUTTON_PIN                               0x0800ca8c   Data           2  stm32f4_discovery.o(.constdata)
    BUTTON_EXTI_LINE                         0x0800ca8e   Data           2  stm32f4_discovery.o(.constdata)
    BUTTON_CLK                               0x0800ca90   Data           4  stm32f4_discovery.o(.constdata)
    COM_TX_PIN                               0x0800ca94   Data           4  stm32f4_discovery.o(.constdata)
    COM_RX_PIN                               0x0800ca98   Data           4  stm32f4_discovery.o(.constdata)
    COM_TX_PIN_SOURCE                        0x0800ca9c   Data           4  stm32f4_discovery.o(.constdata)
    COM_RX_PIN_SOURCE                        0x0800caa0   Data           4  stm32f4_discovery.o(.constdata)
    COM_TX_AF                                0x0800caa4   Data           4  stm32f4_discovery.o(.constdata)
    COM_RX_AF                                0x0800caa8   Data           4  stm32f4_discovery.o(.constdata)
    GPIO_PIN                                 0x0800caac   Data           8  stm32f4_discovery.o(.constdata)
    COM_USART_CLK                            0x0800cab4   Data           8  stm32f4_discovery.o(.constdata)
    COM_TX_PORT_CLK                          0x0800cabc   Data           8  stm32f4_discovery.o(.constdata)
    COM_RX_PORT_CLK                          0x0800cac4   Data           8  stm32f4_discovery.o(.constdata)
    GPIO_CLK                                 0x0800cacc   Data          16  stm32f4_discovery.o(.constdata)
    Region$$Table$$Base                      0x0800cb54   Number         0  anon$$obj.o(Region$$Table)
    Region$$Table$$Limit                     0x0800cb74   Number         0  anon$$obj.o(Region$$Table)
    SystemCoreClock                          0x20000000   Data           4  system_stm32f4xx.o(.data)
    AHBPrescTable                            0x20000004   Data          16  system_stm32f4xx.o(.data)
    current_netif                            0x2000002c   Data           4  ip.o(.data)
    current_header                           0x20000030   Data           4  ip.o(.data)
    current_iphdr_src                        0x20000034   Data           4  ip.o(.data)
    current_iphdr_dest                       0x20000038   Data           4  ip.o(.data)
    netif_list                               0x2000004c   Data           4  netif.o(.data)
    netif_default                            0x20000050   Data           4  netif.o(.data)
    tcp_active_pcbs_changed                  0x20000060   Data           1  tcp.o(.data)
    tcp_ticks                                0x2000006c   Data           4  tcp.o(.data)
    tcp_bound_pcbs                           0x20000070   Data           4  tcp.o(.data)
    tcp_listen_pcbs                          0x20000074   Data           4  tcp.o(.data)
    tcp_active_pcbs                          0x20000078   Data           4  tcp.o(.data)
    tcp_tw_pcbs                              0x2000007c   Data           4  tcp.o(.data)
    tcp_tmp_pcb                              0x20000080   Data           4  tcp.o(.data)
    tcp_input_pcb                            0x200000a4   Data           4  tcp_in.o(.data)
    udp_pcbs                                 0x200000b4   Data           4  udp.o(.data)
    lwip_sys_mutex                           0x200000c0   Data           4  sys_arch.o(.data)
    m_tmr                                    0x200000c4   Data           4  rtx_conf_cm.o(.data)
    os_thread_def_main                       0x200000c8   Data          16  rtx_conf_cm.o(.data)
    osThreadId_osTimerThread                 0x200000d8   Data           4  rtx_conf_cm.o(.data)
    osMessageQId_osTimerMessageQ             0x200000dc   Data           4  rtx_conf_cm.o(.data)
    os_initialized                           0x200000e0   Data           1  rt_cmsis.o(.data)
    os_running                               0x200000e1   Data           1  rt_cmsis.o(.data)
    os_timer_head                            0x200000e4   Data           4  rt_cmsis.o(.data)
    os_robin                                 0x200000e8   Data           8  rt_robin.o(.data)
    os_tick_irqn                             0x200000f4   Data           4  rt_system.o(.data)
    os_tsk                                   0x200000f8   Data           8  rt_task.o(.data)
    os_time                                  0x20000100   Data           4  rt_time.o(.data)
    BUTTON_PORT                              0x2000010c   Data           4  stm32f4_discovery.o(.data)
    COM_USART                                0x20000110   Data           8  stm32f4_discovery.o(.data)
    COM_TX_PORT                              0x20000118   Data           8  stm32f4_discovery.o(.data)
    COM_RX_PORT                              0x20000120   Data           8  stm32f4_discovery.o(.data)
    GPIO_PORT                                0x20000128   Data          16  stm32f4_discovery.o(.data)
    DMATxDescToSet                           0x20000148   Data           4  stm32f4x7_eth.o(.data)
    DMARxDescToGet                           0x2000014c   Data           4  stm32f4x7_eth.o(.data)
    DMA_RX_FRAME_infos                       0x20000150   Data           4  stm32f4x7_eth.o(.data)
    __stdout                                 0x20000158   Data           4  stdout.o(.data)
    xnetif                                   0x2000015c   Data          56  netconf.o(.bss)
    dhcp_rx_options_val                      0x20000194   Data          40  dhcp.o(.bss)
    dhcp_rx_options_given                    0x200001bc   Data          10  dhcp.o(.bss)
    ram_heap                                 0x200002a0   Data        4116  mem.o(.bss)
    s_xRxSemaphore                           0x20009194   Data          16  ethernetif.o(.bss)
    s_xTxSemaphore                           0x200091a4   Data          16  ethernetif.o(.bss)
    os_mutex_cb_lwip_sys_mutex               0x200091b4   Data          16  sys_arch.o(.bss)
    os_messageQ_q_osTimerMessageQ            0x2000923c   Data          48  rtx_conf_cm.o(.bss)
    mp_tcb                                   0x2000926c   Data         376  rtx_conf_cm.o(.bss)
    mp_stk                                   0x200093e8   Data        3088  rtx_conf_cm.o(.bss)
    os_stack_mem                             0x20009ff8   Data        9248  rtx_conf_cm.o(.bss)
    os_fifo                                  0x2000c418   Data         132  rtx_conf_cm.o(.bss)
    os_active_TCB                            0x2000c49c   Data          28  rtx_conf_cm.o(.bss)
    os_rdy                                   0x2000c4b8   Data          24  rt_list.o(.bss)
    os_dly                                   0x2000c4d0   Data          24  rt_list.o(.bss)
    os_idle_TCB                              0x2000c4e8   Data          52  rt_task.o(.bss)
    DMARxDscrTab                             0x2000c51c   Data         160  stm32f4x7_eth.o(.bss)
    DMATxDscrTab                             0x2000c5bc   Data         160  stm32f4x7_eth.o(.bss)
    Rx_Buff                                  0x2000c65c   Data        7620  stm32f4x7_eth.o(.bss)
    Tx_Buff                                  0x2000e420   Data        7620  stm32f4x7_eth.o(.bss)
    RX_Frame_Descriptor                      0x200101e4   Data          12  stm32f4x7_eth.o(.bss)
    __initial_sp                             0x200105f0   Data           0  startup_stm32f4xx.o(STACK)



==============================================================================

Memory Map of the image

  Image Entry point : 0x08000189

  Load Region LR_IROM1 (Base: 0x08000000, Size: 0x0000ccd0, Max: 0x00100000, ABSOLUTE, COMPRESSED[0x0000cbbc])

    Execution Region ER_IROM1 (Exec base: 0x08000000, Load base: 0x08000000, Size: 0x0000cb74, Max: 0x00100000, ABSOLUTE)

    Exec Addr    Load Addr    Size         Type   Attr      Idx    E Section Name        Object

    0x08000000   0x08000000   0x00000188   Data   RO         1893    RESET               startup_stm32f4xx.o
    0x08000188   0x08000188   0x00000000   Code   RO         1898  * .ARM.Collect$$$$00000000  mc_w.l(entry.o)
    0x08000188   0x08000188   0x00000004   Code   RO         2225    .ARM.Collect$$$$00000001  mc_w.l(entry2.o)
    0x0800018c   0x0800018c   0x00000004   Code   RO         2228    .ARM.Collect$$$$00000004  mc_w.l(entry5.o)
    0x08000190   0x08000190   0x00000000   Code   RO         2230    .ARM.Collect$$$$00000008  mc_w.l(entry7b.o)
    0x08000190   0x08000190   0x00000000   Code   RO         2232    .ARM.Collect$$$$0000000A  mc_w.l(entry8b.o)
    0x08000190   0x08000190   0x00000000   Code   RO         2233    .ARM.Collect$$$$0000000D  mc_w.l(entry10a.o)
    0x08000190   0x08000190   0x00000000   Code   RO         2235    .ARM.Collect$$$$0000000F  mc_w.l(entry11a.o)
    0x08000190   0x08000190   0x00000018   Code   RO         1335    .ARM.Collect$$$$000000FF  rtx_conf_cm.o
    0x080001a8   0x080001a8   0x00000004   Code   RO         2226    .ARM.Collect$$$$00002712  mc_w.l(entry2.o)
    0x080001ac   0x080001ac   0x00000180   Code   RO         1638    .emb_text           hal_cm4.o
    0x0800032c   0x0800032c   0x00000034   Code   RO            2    .text               main.o
    0x08000360   0x08000360   0x0000017c   Code   RO          227    .text               system_stm32f4xx.o
    0x080004dc   0x080004dc   0x00000034   Code   RO          249    .text               stm32f4xx_it.o
    0x08000510   0x08000510   0x000002b0   Code   RO          269    .text               netconf.o
    0x080007c0   0x080007c0   0x0000044c   Code   RO          691    .text               api_lib.o
    0x08000c0c   0x08000c0c   0x00000bf0   Code   RO          729    .text               api_msg.o
    0x080017fc   0x080017fc   0x00000010   Code   RO          751    .text               def.o
    0x0800180c   0x0800180c   0x00000db8   Code   RO          764    .text               dhcp.o
    0x080025c4   0x080025c4   0x0000068c   Code   RO          811    .text               etharp.o
    0x08002c50   0x08002c50   0x00000168   Code   RO          835    .text               icmp.o
    0x08002db8   0x08002db8   0x0000041a   Code   RO          853    .text               igmp.o
    0x080031d2   0x080031d2   0x00000002   PAD
    0x080031d4   0x080031d4   0x000001ce   Code   RO          877    .text               inet_chksum.o
    0x080033a2   0x080033a2   0x0000002a   Code   RO          889    .text               init.o
    0x080033cc   0x080033cc   0x00000300   Code   RO          923    .text               ip.o
    0x080036cc   0x080036cc   0x000001e4   Code   RO          947    .text               ip_addr.o
    0x080038b0   0x080038b0   0x0000027c   Code   RO          977    .text               mem.o
    0x08003b2c   0x08003b2c   0x00000088   Code   RO          993    .text               memp.o
    0x08003bb4   0x08003bb4   0x000004c8   Code   RO         1025    .text               pbuf.o
    0x0800407c   0x0800407c   0x0000012e   Code   RO         1038    .text               netbuf.o
    0x080041aa   0x080041aa   0x00000002   PAD
    0x080041ac   0x080041ac   0x00000230   Code   RO         1059    .text               netif.o
    0x080043dc   0x080043dc   0x00000170   Code   RO         1091    .text               raw.o
    0x0800454c   0x0800454c   0x00000fe4   Code   RO         1114    .text               sockets.o
    0x08005530   0x08005530   0x00000a5c   Code   RO         1142    .text               tcp.o
    0x08005f8c   0x08005f8c   0x00000244   Code   RO         1167    .text               tcpip.o
    0x080061d0   0x080061d0   0x00000c1c   Code   RO         1191    .text               tcp_in.o
    0x08006dec   0x08006dec   0x000009c8   Code   RO         1214    .text               tcp_out.o
    0x080077b4   0x080077b4   0x000001e0   Code   RO         1226    .text               timers.o
    0x08007994   0x08007994   0x000003cc   Code   RO         1267    .text               udp.o
    0x08007d60   0x08007d60   0x000003c0   Code   RO         1297    .text               ethernetif.o
    0x08008120   0x08008120   0x00000434   Code   RO         1317    .text               sys_arch.o
    0x08008554   0x08008554   0x00000004   Code   RO         1336    .text               rtx_conf_cm.o
    0x08008558   0x08008558   0x00000cc0   Code   RO         1389    .text               rt_cmsis.o
    0x08009218   0x08009218   0x00000128   Code   RO         1448    .text               rt_event.o
    0x08009340   0x08009340   0x00000218   Code   RO         1460    .text               rt_list.o
    0x08009558   0x08009558   0x000002bc   Code   RO         1482    .text               rt_mailbox.o
    0x08009814   0x08009814   0x000000a0   Code   RO         1494    .text               rt_membox.o
    0x080098b4   0x080098b4   0x00000080   Code   RO         1506    .text               rt_memory.o
    0x08009934   0x08009934   0x000001f4   Code   RO         1518    .text               rt_mutex.o
    0x08009b28   0x08009b28   0x0000005c   Code   RO         1530    .text               rt_robin.o
    0x08009b84   0x08009b84   0x0000010c   Code   RO         1545    .text               rt_semaphore.o
    0x08009c90   0x08009c90   0x0000025c   Code   RO         1558    .text               rt_system.o
    0x08009eec   0x08009eec   0x00000424   Code   RO         1584    .text               rt_task.o
    0x0800a310   0x0800a310   0x00000044   Code   RO         1608    .text               rt_time.o
    0x0800a354   0x0800a354   0x0000007c   Code   RO         1626    .text               hal_cm.o
    0x0800a3d0   0x0800a3d0   0x000000c0   Code   RO         1649    .text               stm32f4_discovery_lcd.o
    0x0800a490   0x0800a490   0x0000043c   Code   RO         1683    .text               stm32f4_discovery.o
    0x0800a8cc   0x0800a8cc   0x00000088   Code   RO         1704    .text               stm32f4xx_usart.o
    0x0800a954   0x0800a954   0x000000b0   Code   RO         1720    .text               misc.o
    0x0800aa04   0x0800aa04   0x00000320   Code   RO         1752    .text               stm32f4xx_dma.o
    0x0800ad24   0x0800ad24   0x000000e8   Code   RO         1768    .text               stm32f4xx_exti.o
    0x0800ae0c   0x0800ae0c   0x00000218   Code   RO         1800    .text               stm32f4xx_gpio.o
    0x0800b024   0x0800b024   0x000003d0   Code   RO         1816    .text               stm32f4xx_rcc.o
    0x0800b3f4   0x0800b3f4   0x00000078   Code   RO         1834    .text               stm32f4xx_syscfg.o
    0x0800b46c   0x0800b46c   0x000001b8   Code   RO         1850    .text               stm32f4xx_sdio.o
    0x0800b624   0x0800b624   0x00000c70   Code   RO         1866    .text               stm32f4x7_eth.o
    0x0800c294   0x0800c294   0x00000024   Code   RO         1894    .text               startup_stm32f4xx.o
    0x0800c2b8   0x0800c2b8   0x00000062   Code   RO         1901    .text               mc_w.l(uldiv.o)
    0x0800c31a   0x0800c31a   0x00000002   PAD
    0x0800c31c   0x0800c31c   0x00000024   Code   RO         1939    .text               mc_w.l(rand.o)
    0x0800c340   0x0800c340   0x00000024   Code   RO         1952    .text               mc_w.l(memcpya.o)
    0x0800c364   0x0800c364   0x00000024   Code   RO         1954    .text               mc_w.l(memseta.o)
    0x0800c388   0x0800c388   0x0000000e   Code   RO         1956    .text               mc_w.l(strlen.o)
    0x0800c396   0x0800c396   0x0000001a   Code   RO         1958    .text               mc_w.l(memcmp.o)
    0x0800c3b0   0x0800c3b0   0x0000001e   Code   RO         2242    .text               mc_w.l(llshl.o)
    0x0800c3ce   0x0800c3ce   0x00000020   Code   RO         2244    .text               mc_w.l(llushr.o)
    0x0800c3ee   0x0800c3ee   0x00000002   PAD
    0x0800c3f0   0x0800c3f0   0x00000024   Code   RO         2257    .text               mc_w.l(init.o)
    0x0800c414   0x0800c414   0x00000000   Code   RO         2259    .text               mc_w.l(semi.o)
    0x0800c414   0x0800c414   0x00000000   Code   RO         2262    .text               mc_w.l(iusesemip.o)
    0x0800c414   0x0800c414   0x00000056   Code   RO         2273    .text               mc_w.l(__dczerorl2.o)
    0x0800c46a   0x0800c46a   0x00000002   PAD
    0x0800c46c   0x0800c46c   0x00000004   Code   RO         1623    SVC_TABLE           svc_table.o
    0x0800c470   0x0800c470   0x00000020   Code   RO         2171    i.__0printf$8       mc_w.l(printf8.o)
    0x0800c490   0x0800c490   0x00000028   Code   RO         2173    i.__0sprintf$8      mc_w.l(printf8.o)
    0x0800c4b8   0x0800c4b8   0x0000000e   Code   RO         2267    i.__scatterload_copy  mc_w.l(handlers.o)
    0x0800c4c6   0x0800c4c6   0x00000002   Code   RO         2268    i.__scatterload_null  mc_w.l(handlers.o)
    0x0800c4c8   0x0800c4c8   0x0000000e   Code   RO         2269    i.__scatterload_zeroinit  mc_w.l(handlers.o)
    0x0800c4d6   0x0800c4d6   0x00000002   PAD
    0x0800c4d8   0x0800c4d8   0x00000410   Code   RO         2178    i._printf_core      mc_w.l(printf8.o)
    0x0800c8e8   0x0800c8e8   0x00000024   Code   RO         2179    i._printf_post_padding  mc_w.l(printf8.o)
    0x0800c90c   0x0800c90c   0x0000002e   Code   RO         2180    i._printf_pre_padding  mc_w.l(printf8.o)
    0x0800c93a   0x0800c93a   0x0000000a   Code   RO         2182    i._sputc            mc_w.l(printf8.o)
    0x0800c944   0x0800c944   0x00000012   Code   RO         2237    i.fputc             mc_w.l(fputc.o)
    0x0800c956   0x0800c956   0x0000000c   Data   RO          813    .constdata          etharp.o
    0x0800c962   0x0800c962   0x00000002   PAD
    0x0800c964   0x0800c964   0x00000004   Data   RO          949    .constdata          ip_addr.o
    0x0800c968   0x0800c968   0x00000004   Data   RO          950    .constdata          ip_addr.o
    0x0800c96c   0x0800c96c   0x00000034   Data   RO          995    .constdata          memp.o
    0x0800c9a0   0x0800c9a0   0x00000040   Data   RO         1116    .constdata          sockets.o
    0x0800c9e0   0x0800c9e0   0x00000054   Data   RO         1143    .constdata          tcp.o
    0x0800ca34   0x0800ca34   0x00000004   Data   RO         1320    .constdata          sys_arch.o
    0x0800ca38   0x0800ca38   0x00000002   Data   RO         1343    .constdata          rtx_conf_cm.o
    0x0800ca3a   0x0800ca3a   0x00000002   PAD
    0x0800ca3c   0x0800ca3c   0x00000004   Data   RO         1344    .constdata          rtx_conf_cm.o
    0x0800ca40   0x0800ca40   0x00000004   Data   RO         1345    .constdata          rtx_conf_cm.o
    0x0800ca44   0x0800ca44   0x00000004   Data   RO         1349    .constdata          rtx_conf_cm.o
    0x0800ca48   0x0800ca48   0x00000001   Data   RO         1350    .constdata          rtx_conf_cm.o
    0x0800ca49   0x0800ca49   0x00000003   PAD
    0x0800ca4c   0x0800ca4c   0x00000010   Data   RO         1351    .constdata          rtx_conf_cm.o
    0x0800ca5c   0x0800ca5c   0x00000002   Data   RO         1352    .constdata          rtx_conf_cm.o
    0x0800ca5e   0x0800ca5e   0x00000002   PAD
    0x0800ca60   0x0800ca60   0x00000004   Data   RO         1353    .constdata          rtx_conf_cm.o
    0x0800ca64   0x0800ca64   0x00000004   Data   RO         1354    .constdata          rtx_conf_cm.o
    0x0800ca68   0x0800ca68   0x00000001   Data   RO         1355    .constdata          rtx_conf_cm.o
    0x0800ca69   0x0800ca69   0x00000003   PAD
    0x0800ca6c   0x0800ca6c   0x00000010   Data   RO         1356    .constdata          rtx_conf_cm.o
    0x0800ca7c   0x0800ca7c   0x00000008   Data   RO         1357    .constdata          rtx_conf_cm.o
    0x0800ca84   0x0800ca84   0x00000002   Data   RO         1358    .constdata          rtx_conf_cm.o
    0x0800ca86   0x0800ca86   0x00000002   PAD
    0x0800ca88   0x0800ca88   0x00000054   Data   RO         1684    .constdata          stm32f4_discovery.o
    0x0800cadc   0x0800cadc   0x00000075   Data   RO         1144    .conststring        tcp.o
    0x0800cb51   0x0800cb51   0x00000003   PAD
    0x0800cb54   0x0800cb54   0x00000020   Data   RO         2265    Region$$Table       anon$$obj.o


    Execution Region RW_IRAM1 (Exec base: 0x20000000, Load base: 0x0800cb74, Size: 0x000105f0, Max: 0x00020000, ABSOLUTE, COMPRESSED[0x00000048])

    Exec Addr    Load Addr    Size         Type   Attr      Idx    E Section Name        Object

    0x20000000   COMPRESSED   0x00000014   Data   RW          228    .data               system_stm32f4xx.o
    0x20000014   COMPRESSED   0x00000004   Data   RW          766    .data               dhcp.o
    0x20000018   COMPRESSED   0x00000001   Data   RW          814    .data               etharp.o
    0x20000019   COMPRESSED   0x00000003   PAD
    0x2000001c   COMPRESSED   0x0000000c   Data   RW          854    .data               igmp.o
    0x20000028   COMPRESSED   0x00000014   Data   RW          924    .data               ip.o
    0x2000003c   COMPRESSED   0x0000000c   Data   RW          979    .data               mem.o
    0x20000048   COMPRESSED   0x0000000c   Data   RW         1060    .data               netif.o
    0x20000054   COMPRESSED   0x00000004   Data   RW         1092    .data               raw.o
    0x20000058   COMPRESSED   0x00000008   Data   RW         1117    .data               sockets.o
    0x20000060   COMPRESSED   0x00000024   Data   RW         1145    .data               tcp.o
    0x20000084   COMPRESSED   0x00000008   Data   RW         1169    .data               tcpip.o
    0x2000008c   COMPRESSED   0x0000001c   Data   RW         1193    .data               tcp_in.o
    0x200000a8   COMPRESSED   0x00000008   Data   RW         1227    .data               timers.o
    0x200000b0   COMPRESSED   0x00000008   Data   RW         1268    .data               udp.o
    0x200000b8   COMPRESSED   0x00000004   Data   RW         1299    .data               ethernetif.o
    0x200000bc   COMPRESSED   0x00000008   Data   RW         1321    .data               sys_arch.o
    0x200000c4   COMPRESSED   0x00000004   Data   RW         1360    .data               rtx_conf_cm.o
    0x200000c8   COMPRESSED   0x00000010   Data   RW         1361    .data               rtx_conf_cm.o
    0x200000d8   COMPRESSED   0x00000004   Data   RW         1362    .data               rtx_conf_cm.o
    0x200000dc   COMPRESSED   0x00000004   Data   RW         1363    .data               rtx_conf_cm.o
    0x200000e0   COMPRESSED   0x00000008   Data   RW         1390    .data               rt_cmsis.o
    0x200000e8   COMPRESSED   0x00000008   Data   RW         1531    .data               rt_robin.o
    0x200000f0   COMPRESSED   0x00000008   Data   RW         1559    .data               rt_system.o
    0x200000f8   COMPRESSED   0x00000008   Data   RW         1586    .data               rt_task.o
    0x20000100   COMPRESSED   0x00000004   Data   RW         1609    .data               rt_time.o
    0x20000104   COMPRESSED   0x00000008   Data   RW         1658    .data               stm32f4_discovery_lcd.o
    0x2000010c   COMPRESSED   0x0000002c   Data   RW         1685    .data               stm32f4_discovery.o
    0x20000138   COMPRESSED   0x00000010   Data   RW         1817    .data               stm32f4xx_rcc.o
    0x20000148   COMPRESSED   0x0000000c   Data   RW         1872    .data               stm32f4x7_eth.o
    0x20000154   COMPRESSED   0x00000004   Data   RW         1940    .data               mc_w.l(rand.o)
    0x20000158   COMPRESSED   0x00000004   Data   RW         2239    .data               mc_w.l(stdout.o)
    0x2000015c        -       0x00000038   Zero   RW          270    .bss                netconf.o
    0x20000194        -       0x00000032   Zero   RW          765    .bss                dhcp.o
    0x200001c6   COMPRESSED   0x00000002   PAD
    0x200001c8        -       0x000000c8   Zero   RW          812    .bss                etharp.o
    0x20000290        -       0x00000010   Zero   RW          948    .bss                ip_addr.o
    0x200002a0        -       0x0000102c   Zero   RW          978    .bss                mem.o
    0x200012cc        -       0x00007c77   Zero   RW          994    .bss                memp.o
    0x20008f43   COMPRESSED   0x00000001   PAD
    0x20008f44        -       0x000001e0   Zero   RW         1115    .bss                sockets.o
    0x20009124        -       0x0000005c   Zero   RW         1168    .bss                tcpip.o
    0x20009180        -       0x00000014   Zero   RW         1192    .bss                tcp_in.o
    0x20009194        -       0x00000020   Zero   RW         1298    .bss                ethernetif.o
    0x200091b4        -       0x00000010   Zero   RW         1318    .bss                sys_arch.o
    0x200091c4        -       0x00000078   Zero   RW         1319    .bss                sys_arch.o
    0x2000923c        -       0x00000030   Zero   RW         1337    .bss                rtx_conf_cm.o
    0x2000926c        -       0x00000178   Zero   RW         1338    .bss                rtx_conf_cm.o
    0x200093e4   COMPRESSED   0x00000004   PAD
    0x200093e8        -       0x00000c10   Zero   RW         1339    .bss                rtx_conf_cm.o
    0x20009ff8        -       0x00002420   Zero   RW         1340    .bss                rtx_conf_cm.o
    0x2000c418        -       0x00000084   Zero   RW         1341    .bss                rtx_conf_cm.o
    0x2000c49c        -       0x0000001c   Zero   RW         1342    .bss                rtx_conf_cm.o
    0x2000c4b8        -       0x00000030   Zero   RW         1461    .bss                rt_list.o
    0x2000c4e8        -       0x00000034   Zero   RW         1585    .bss                rt_task.o
    0x2000c51c        -       0x000000a0   Zero   RW         1867    .bss                stm32f4x7_eth.o
    0x2000c5bc        -       0x000000a0   Zero   RW         1868    .bss                stm32f4x7_eth.o
    0x2000c65c        -       0x00001dc4   Zero   RW         1869    .bss                stm32f4x7_eth.o
    0x2000e420        -       0x00001dc4   Zero   RW         1870    .bss                stm32f4x7_eth.o
    0x200101e4        -       0x0000000c   Zero   RW         1871    .bss                stm32f4x7_eth.o
    0x200101f0        -       0x00000400   Zero   RW         1891    STACK               startup_stm32f4xx.o


==============================================================================

Image component sizes


      Code (inc. data)   RO Data    RW Data    ZI Data      Debug   Object Name

      1100         48          0          0          0      18384   api_lib.o
      3056         52          0          0          0      11373   api_msg.o
        16          0          0          0          0       1364   def.o
      3512         56          0          4         50      13206   dhcp.o
      1676         28         12          1        200      10201   etharp.o
       960         72          0          4         32       5932   ethernetif.o
       124         10          0          0          0       1815   hal_cm.o
       384         28          0          0          0        852   hal_cm4.o
       360         10          0          0          0       2255   icmp.o
      1050         22          0         12          0       7197   igmp.o
       462          0          0          0          0       3221   inet_chksum.o
        42          0          0          0          0      10137   init.o
       768         14          0         20          0       6948   ip.o
       484         12          8          0         16       9723   ip_addr.o
        52         14          0          0          0     322162   main.o
       636         14          0         12       4140       3870   mem.o
       136          8         52          0      31863       2614   memp.o
       176         12          0          0          0       2061   misc.o
       302          0          0          0          0       3337   netbuf.o
       688        204          0          0         56      10322   netconf.o
       560         12          0         12          0       6883   netif.o
      1224          0          0          0          0       8579   pbuf.o
       368         12          0          4          0       3589   raw.o
      3264         92          0          8          0      41275   rt_cmsis.o
       296         12          0          0          0       2318   rt_event.o
       536         16          0          0         48       6006   rt_list.o
       700          8          0          0          0       3099   rt_mailbox.o
       160          0          0          0          0       1825   rt_membox.o
       128          0          0          0          0       1883   rt_memory.o
       500         10          0          0          0       2063   rt_mutex.o
        92         18          0          8          0        912   rt_robin.o
       268          8          0          0          0       2108   rt_semaphore.o
       604         42          0          8          0       5840   rt_system.o
      1060         74          0          8         52       6927   rt_task.o
        68          8          0          4          0       1335   rt_time.o
        28          6         68         28      12920       7230   rtx_conf_cm.o
         0          0          0          0          0       2496   shell.o
      4068         84         64          8        480      17622   sockets.o
        36          8        392          0       1024        788   startup_stm32f4xx.o
      1084         30         84         44          0       5131   stm32f4_discovery.o
       192         10          0          8          0       8297   stm32f4_discovery_lcd.o
      3184         90          0         12      15572      23893   stm32f4x7_eth.o
       800         32          0          0          0       7081   stm32f4xx_dma.o
       232          8          0          0          0       2563   stm32f4xx_exti.o
       536         38          0          0          0       4613   stm32f4xx_gpio.o
        52          4          0          0          0       1178   stm32f4xx_it.o
       976         36          0         16          0      11539   stm32f4xx_rcc.o
       440         14          0          0          0       7696   stm32f4xx_sdio.o
       120         18          0          0          0       1795   stm32f4xx_syscfg.o
       136          0          0          0          0       5744   stm32f4xx_usart.o
         4          4          0          0          0        208   svc_table.o
      1076        382          4          8        136       7212   sys_arch.o
       380         36          0         20          0       1903   system_stm32f4xx.o
      2652         46        201         36          0      22121   tcp.o
      3100         92          0         28         20      14791   tcp_in.o
      2504          8          0          0          0      10215   tcp_out.o
       580         36          0          8         92       9868   tcpip.o
         0          0          0          0          0      10864   telnet.o
       480         32          0          8          0       3623   timers.o
       972         14          0          8          0      14809   udp.o

    ----------------------------------------------------------------------
     49448       1944        934        340      66708     744896   Object Totals
         0          0         32          0          0          0   (incl. Generated)
         4          0         17          3          7          0   (incl. Padding)

    ----------------------------------------------------------------------

      Code (inc. data)   RO Data    RW Data    ZI Data      Debug   Library Member Name

        86          0          0          0          0          0   __dczerorl2.o
         0          0          0          0          0          0   entry.o
         0          0          0          0          0          0   entry10a.o
         0          0          0          0          0          0   entry11a.o
         8          4          0          0          0          0   entry2.o
         4          0          0          0          0          0   entry5.o
         0          0          0          0          0          0   entry7b.o
         0          0          0          0          0          0   entry8b.o
        18          0          0          0          0         80   fputc.o
        30          0          0          0          0          0   handlers.o
        36          8          0          0          0         68   init.o
         0          0          0          0          0          0   iusesemip.o
        30          0          0          0          0         68   llshl.o
        32          0          0          0          0         68   llushr.o
        26          0          0          0          0         80   memcmp.o
        36          0          0          0          0         68   memcpya.o
        36          0          0          0          0        108   memseta.o
      1204         60          0          0          0        504   printf8.o
        36         10          0          4          0        136   rand.o
         0          0          0          0          0          0   semi.o
         0          0          0          4          0          0   stdout.o
        14          0          0          0          0         68   strlen.o
        98          0          0          0          0         92   uldiv.o

    ----------------------------------------------------------------------
      1702         82          0          8          0       1340   Library Totals
         8          0          0          0          0          0   (incl. Padding)

    ----------------------------------------------------------------------

      Code (inc. data)   RO Data    RW Data    ZI Data      Debug   Library Name

      1694         82          0          8          0       1340   mc_w.l

    ----------------------------------------------------------------------
      1702         82          0          8          0       1340   Library Totals

    ----------------------------------------------------------------------

==============================================================================


      Code (inc. data)   RO Data    RW Data    ZI Data      Debug   

     51150       2026        934        348      66708     731896   Grand Totals
     51150       2026        934         72      66708     731896   ELF Image Totals (compressed)
     51150       2026        934         72          0          0   ROM Totals

==============================================================================

    Total RO  Size (Code + RO Data)                52084 (  50.86kB)
    Total RW  Size (RW Data + ZI Data)             67056 (  65.48kB)
    Total ROM Size (Code + RO Data + RW Data)      52156 (  50.93kB)

==============================================================================

